Component: ARM Compiler 5.05 update 1 (build 106) Tool: armlink [4d0efa]

==============================================================================

Section Cross References

    uav_task.o(i._Z10task_10_msv) refers to dev_clock.o(i._Z11Get_Cycle_Th) for Get_Cycle_T(unsigned char)
    uav_task.o(i._Z10task_10_msv) refers to dev_ms5611.o(i._ZN7_MS561110DataUpdateEv) for _MS5611::DataUpdate()
    uav_task.o(i._Z10task_10_msv) refers to dev_ak8975.o(i._ZN7_AK897510DataSampleEv) for _AK8975::DataSample()
    uav_task.o(i._Z10task_10_msv) refers to uav_control.o(i._ZN8_CONTROL5AngleEf) for _CONTROL::Angle(float)
    uav_task.o(i._Z10task_10_msv) refers to uav_attitude.o(i._ZN9_ATTITUDE10DISControlEf) for _ATTITUDE::DISControl(float)
    uav_task.o(i._Z10task_10_msv) refers to dev_ms5611.o(.bss) for Ms5611
    uav_task.o(i._Z10task_10_msv) refers to dev_ak8975.o(.bss) for Ak8975
    uav_task.o(i._Z10task_10_msv) refers to uav_control.o(.data) for Control
    uav_task.o(i._Z10task_10_msv) refers to uav_attitude.o(.bss) for Attitude
    uav_task.o(i._Z10task_20_msv) refers to dev_gps.o(i._Z8GPS_Callv) for GPS_Call()
    uav_task.o(i._Z10task_50_msv) refers to dev_us100.o(i._ZN6_US10012SampleTrigerEf) for _US100::SampleTriger(float)
    uav_task.o(i._Z10task_50_msv) refers to dev_us100.o(.bss) for Us100
    uav_task.o(i._Z8TaskLoopv) refers to uav_task.o(i._Z9task_1_msv) for task_1_ms()
    uav_task.o(i._Z8TaskLoopv) refers to uav_task.o(i._Z9task_2_msv) for task_2_ms()
    uav_task.o(i._Z8TaskLoopv) refers to uav_task.o(i._Z9task_5_msv) for task_5_ms()
    uav_task.o(i._Z8TaskLoopv) refers to uav_task.o(i._Z10task_10_msv) for task_10_ms()
    uav_task.o(i._Z8TaskLoopv) refers to uav_task.o(i._Z10task_20_msv) for task_20_ms()
    uav_task.o(i._Z8TaskLoopv) refers to uav_task.o(i._Z10task_50_msv) for task_50_ms()
    uav_task.o(i._Z8TaskLoopv) refers to dev_clock.o(.bss) for loop
    uav_task.o(i._Z9task_1_msv) refers to dev_mavlink.o(i._ZN8_MAVLINK13Data_ExchangeEv) for _MAVLINK::Data_Exchange()
    uav_task.o(i._Z9task_1_msv) refers to dev_mavlink.o(.bss) for Mavlink
    uav_task.o(i._Z9task_2_msv) refers to dev_clock.o(i._Z11Get_Cycle_Th) for Get_Cycle_T(unsigned char)
    uav_task.o(i._Z9task_2_msv) refers to imu.o(i._ZN3IMU8AttitudeEf) for IMU::Attitude(float)
    uav_task.o(i._Z9task_2_msv) refers to uav_attitude.o(i._ZN9_ATTITUDE10GetDIS_SPEEf) for _ATTITUDE::GetDIS_SPE(float)
    uav_task.o(i._Z9task_2_msv) refers to f2d.o(.text) for __aeabi_f2d
    uav_task.o(i._Z9task_2_msv) refers to printfa.o(i.__0printf) for __2printf
    uav_task.o(i._Z9task_2_msv) refers to imu.o(.bss) for imu
    uav_task.o(i._Z9task_2_msv) refers to uav_attitude.o(.bss) for Attitude
    uav_task.o(i._Z9task_5_msv) refers to dev_clock.o(i._Z11Get_Cycle_Th) for Get_Cycle_T(unsigned char)
    uav_task.o(i._Z9task_5_msv) refers to uav_rc.o(i._ZN3_RC9DataMangeEf) for _RC::DataMange(float)
    uav_task.o(i._Z9task_5_msv) refers to uav_control.o(i._ZN8_CONTROL7AngularEf) for _CONTROL::Angular(float)
    uav_task.o(i._Z9task_5_msv) refers to uav_attitude.o(i._ZN9_ATTITUDE10SPEControlEf) for _ATTITUDE::SPEControl(float)
    uav_task.o(i._Z9task_5_msv) refers to uav_rc.o(.bss) for Rc
    uav_task.o(i._Z9task_5_msv) refers to uav_control.o(.data) for Control
    uav_task.o(i._Z9task_5_msv) refers to uav_attitude.o(.bss) for Attitude
    uav_task.o(i.__sti___12_uav_task_cpp_UAV) refers to uav_task.o(.bss) for UAV
    uav_task.o(i.main) refers to dev_clock.o(i._Z21SysTick_Configurationv) for SysTick_Configuration()
    uav_task.o(i.main) refers to uav_init.o(i._ZN4_UAV4InitEv) for _UAV::Init()
    uav_task.o(i.main) refers to imu.o(i._ZN3IMU4InitEv) for IMU::Init()
    uav_task.o(i.main) refers to uav_task.o(i._Z8TaskLoopv) for TaskLoop()
    uav_task.o(i.main) refers to imu.o(.bss) for imu
    uav_task.o(.ARM.exidx) refers to uav_task.o(i._Z9task_1_msv) for i._Z9task_1_msv
    uav_task.o(.ARM.exidx) refers to uav_task.o(i._Z9task_2_msv) for i._Z9task_2_msv
    uav_task.o(.ARM.exidx) refers to uav_task.o(i._Z9task_5_msv) for i._Z9task_5_msv
    uav_task.o(.ARM.exidx) refers to uav_task.o(i._Z10task_10_msv) for i._Z10task_10_msv
    uav_task.o(.ARM.exidx) refers to uav_task.o(i._Z10task_20_msv) for i._Z10task_20_msv
    uav_task.o(.ARM.exidx) refers to uav_task.o(i._Z10task_50_msv) for i._Z10task_50_msv
    uav_task.o(.ARM.exidx) refers to uav_task.o(i._Z8TaskLoopv) for i._Z8TaskLoopv
    uav_task.o(.ARM.exidx) refers to uav_task.o(i.main) for i.main
    uav_task.o(.ARM.exidx) refers to uav_task.o(i.__sti___12_uav_task_cpp_UAV) for i.__sti___12_uav_task_cpp_UAV
    uav_task.o(.init_array) refers to uav_task.o(i.__sti___12_uav_task_cpp_UAV) for __sti___12_uav_task_cpp_UAV
    uav_task.o(.init_array) refers to cpp_init.o(.text) for __cpp_initialize__aeabi_
    uav_control.o(i._ZN8_CONTROL19DecompositionOutputEv) refers to dev_moto.o(i._ZN5_MOTO6SetPwmEPt) for _MOTO::SetPwm(unsigned short*)
[...]
    DMA1_Stream4_IRQHandler                  0x080001bb   Thumb Code     0  startup_stm32f40_41xxx.o(.text)
    DMA1_Stream5_IRQHandler                  0x080001bb   Thumb Code     0  startup_stm32f40_41xxx.o(.text)
    DMA1_Stream6_IRQHandler                  0x080001bb   Thumb Code     0  startup_stm32f40_41xxx.o(.text)
    DMA1_Stream7_IRQHandler                  0x080001bb   Thumb Code     0  startup_stm32f40_41xxx.o(.text)
    DMA2_Stream0_IRQHandler                  0x080001bb   Thumb Code     0  startup_stm32f40_41xxx.o(.text)
    DMA2_Stream1_IRQHandler                  0x080001bb   Thumb Code     0  startup_stm32f40_41xxx.o(.text)
    DMA2_Stream3_IRQHandler                  0x080001bb   Thumb Code     0  startup_stm32f40_41xxx.o(.text)
    DMA2_Stream4_IRQHandler                  0x080001bb   Thumb Code     0  startup_stm32f40_41xxx.o(.text)
    DMA2_Stream5_IRQHandler                  0x080001bb   Thumb Code     0  startup_stm32f40_41xxx.o(.text)
    DMA2_Stream6_IRQHandler                  0x080001bb   Thumb Code     0  startup_stm32f40_41xxx.o(.text)
    DMA2_Stream7_IRQHandler                  0x080001bb   Thumb Code     0  startup_stm32f40_41xxx.o(.text)
    ETH_IRQHandler                           0x080001bb   Thumb Code     0  startup_stm32f40_41xxx.o(.text)
    ETH_WKUP_IRQHandler                      0x080001bb   Thumb Code     0  startup_stm32f40_41xxx.o(.text)
    EXTI0_IRQHandler                         0x080001bb   Thumb Code     0  startup_stm32f40_41xxx.o(.text)
    EXTI15_10_IRQHandler                     0x080001bb   Thumb Code     0  startup_stm32f40_41xxx.o(.text)
    EXTI1_IRQHandler                         0x080001bb   Thumb Code     0  startup_stm32f40_41xxx.o(.text)
    EXTI2_IRQHandler                         0x080001bb   Thumb Code     0  startup_stm32f40_41xxx.o(.text)
    EXTI3_IRQHandler                         0x080001bb   Thumb Code     0  startup_stm32f40_41xxx.o(.text)
    EXTI4_IRQHandler                         0x080001bb   Thumb Code     0  startup_stm32f40_41xxx.o(.text)
    EXTI9_5_IRQHandler                       0x080001bb   Thumb Code     0  startup_stm32f40_41xxx.o(.text)
    FLASH_IRQHandler                         0x080001bb   Thumb Code     0  startup_stm32f40_41xxx.o(.text)
    FPU_IRQHandler                           0x080001bb   Thumb Code     0  startup_stm32f40_41xxx.o(.text)
    FSMC_IRQHandler                          0x080001bb   Thumb Code     0  startup_stm32f40_41xxx.o(.text)
    HASH_RNG_IRQHandler                      0x080001bb   Thumb Code     0  startup_stm32f40_41xxx.o(.text)
    I2C1_ER_IRQHandler                       0x080001bb   Thumb Code     0  startup_stm32f40_41xxx.o(.text)
    I2C1_EV_IRQHandler                       0x080001bb   Thumb Code     0  startup_stm32f40_41xxx.o(.text)
    I2C2_ER_IRQHandler                       0x080001bb   Thumb Code     0  startup_stm32f40_41xxx.o(.text)
    I2C2_EV_IRQHandler                       0x080001bb   Thumb Code     0  startup_stm32f40_41xxx.o(.text)
    I2C3_ER_IRQHandler                       0x080001bb   Thumb Code     0  startup_stm32f40_41xxx.o(.text)
    I2C3_EV_IRQHandler                       0x080001bb   Thumb Code     0  startup_stm32f40_41xxx.o(.text)
    OTG_FS_IRQHandler                        0x080001bb   Thumb Code     0  startup_stm32f40_41xxx.o(.text)
    OTG_FS_WKUP_IRQHandler                   0x080001bb   Thumb Code     0  startup_stm32f40_41xxx.o(.text)
    OTG_HS_EP1_IN_IRQHandler                 0x080001bb   Thumb Code     0  startup_stm32f40_41xxx.o(.text)
    OTG_HS_EP1_OUT_IRQHandler                0x080001bb   Thumb Code     0  startup_stm32f40_41xxx.o(.text)
    OTG_HS_IRQHandler                        0x080001bb   Thumb Code     0  startup_stm32f40_41xxx.o(.text)
    OTG_HS_WKUP_IRQHandler                   0x080001bb   Thumb Code     0  startup_stm32f40_41xxx.o(.text)
    PVD_IRQHandler                           0x080001bb   Thumb Code     0  startup_stm32f40_41xxx.o(.text)
    RCC_IRQHandler                           0x080001bb   Thumb Code     0  startup_stm32f40_41xxx.o(.text)
    RTC_Alarm_IRQHandler                     0x080001bb   Thumb Code     0  startup_stm32f40_41xxx.o(.text)
    RTC_WKUP_IRQHandler                      0x080001bb   Thumb Code     0  startup_stm32f40_41xxx.o(.text)
    SPI1_IRQHandler                          0x080001bb   Thumb Code     0  startup_stm32f40_41xxx.o(.text)
    SPI2_IRQHandler                          0x080001bb   Thumb Code     0  startup_stm32f40_41xxx.o(.text)
    SPI3_IRQHandler                          0x080001bb   Thumb Code     0  startup_stm32f40_41xxx.o(.text)
    TAMP_STAMP_IRQHandler                    0x080001bb   Thumb Code     0  startup_stm32f40_41xxx.o(.text)
    TIM1_BRK_TIM9_IRQHandler                 0x080001bb   Thumb Code     0  startup_stm32f40_41xxx.o(.text)
    TIM1_CC_IRQHandler                       0x080001bb   Thumb Code     0  startup_stm32f40_41xxx.o(.text)
    TIM1_TRG_COM_TIM11_IRQHandler            0x080001bb   Thumb Code     0  startup_stm32f40_41xxx.o(.text)
    TIM1_UP_TIM10_IRQHandler                 0x080001bb   Thumb Code     0  startup_stm32f40_41xxx.o(.text)
    TIM2_IRQHandler                          0x080001bb   Thumb Code     0  startup_stm32f40_41xxx.o(.text)
    TIM3_IRQHandler                          0x080001bb   Thumb Code     0  startup_stm32f40_41xxx.o(.text)
    TIM4_IRQHandler                          0x080001bb   Thumb Code     0  startup_stm32f40_41xxx.o(.text)
    TIM5_IRQHandler                          0x080001bb   Thumb Code     0  startup_stm32f40_41xxx.o(.text)
    TIM6_DAC_IRQHandler                      0x080001bb   Thumb Code     0  startup_stm32f40_41xxx.o(.text)
    TIM7_IRQHandler                          0x080001bb   Thumb Code     0  startup_stm32f40_41xxx.o(.text)
    TIM8_BRK_TIM12_IRQHandler                0x080001bb   Thumb Code     0  startup_stm32f40_41xxx.o(.text)
    TIM8_CC_IRQHandler                       0x080001bb   Thumb Code     0  startup_stm32f40_41xxx.o(.text)
    TIM8_TRG_COM_TIM14_IRQHandler            0x080001bb   Thumb Code     0  startup_stm32f40_41xxx.o(.text)
    TIM8_UP_TIM13_IRQHandler                 0x080001bb   Thumb Code     0  startup_stm32f40_41xxx.o(.text)
    UART4_IRQHandler                         0x080001bb   Thumb Code     0  startup_stm32f40_41xxx.o(.text)
    UART5_IRQHandler                         0x080001bb   Thumb Code     0  startup_stm32f40_41xxx.o(.text)
    USART1_IRQHandler                        0x080001bb   Thumb Code     0  startup_stm32f40_41xxx.o(.text)
    WWDG_IRQHandler                          0x080001bb   Thumb Code     0  startup_stm32f40_41xxx.o(.text)
    __aeabi_memcpy                           0x080001c5   Thumb Code    36  memcpya.o(.text)
    __aeabi_memcpy4                          0x080001c5   Thumb Code     0  memcpya.o(.text)
    __aeabi_memcpy8                          0x080001c5   Thumb Code     0  memcpya.o(.text)
    __aeabi_memset                           0x080001e9   Thumb Code    14  memseta.o(.text)
    __aeabi_memset4                          0x080001e9   Thumb Code     0  memseta.o(.text)
    __aeabi_memset8                          0x080001e9   Thumb Code     0  memseta.o(.text)
    __aeabi_memclr                           0x080001f7   Thumb Code     4  memseta.o(.text)
    __aeabi_memclr4                          0x080001f7   Thumb Code     0  memseta.o(.text)
    __aeabi_memclr8                          0x080001f7   Thumb Code     0  memseta.o(.text)
    _memset$wrapper                          0x080001fb   Thumb Code    18  memseta.o(.text)
    strstr                                   0x0800020d   Thumb Code    36  strstr.o(.text)
    __cpp_initialize__aeabi_                 0x08000231   Thumb Code    22  cpp_init.o(.text)
    __aeabi_dadd                             0x08000251   Thumb Code   322  dadd.o(.text)
    __aeabi_dsub                             0x08000393   Thumb Code     6  dadd.o(.text)
    __aeabi_drsub                            0x08000399   Thumb Code     6  dadd.o(.text)
    __aeabi_dmul                             0x0800039f   Thumb Code   228  dmul.o(.text)
    __aeabi_ddiv                             0x08000483   Thumb Code   222  ddiv.o(.text)
    __aeabi_i2d                              0x08000561   Thumb Code    34  dflti.o(.text)
    __aeabi_f2d                              0x08000583   Thumb Code    38  f2d.o(.text)
    __aeabi_cdcmpeq                          0x080005a9   Thumb Code     0  cdcmple.o(.text)
    __aeabi_cdcmple                          0x080005a9   Thumb Code    48  cdcmple.o(.text)
    __aeabi_cdrcmple                         0x080005d9   Thumb Code    48  cdrcmple.o(.text)
    __aeabi_d2f                              0x08000609   Thumb Code    56  d2f.o(.text)
    __aeabi_uidiv                            0x08000641   Thumb Code     0  uidiv.o(.text)
    __aeabi_uidivmod                         0x08000641   Thumb Code    44  uidiv.o(.text)
    __aeabi_uldivmod                         0x0800066d   Thumb Code    98  uldiv.o(.text)
    __aeabi_llsl                             0x080006cf   Thumb Code    30  llshl.o(.text)
    _ll_shift_l                              0x080006cf   Thumb Code     0  llshl.o(.text)
    __aeabi_lasr                             0x080006ed   Thumb Code    36  llsshr.o(.text)
    _ll_sshift_r                             0x080006ed   Thumb Code     0  llsshr.o(.text)
    __I$use$fp                               0x08000711   Thumb Code     0  iusefp.o(.text)
    _float_round                             0x08000711   Thumb Code    18  fepilogue.o(.text)
    _float_epilogue                          0x08000723   Thumb Code    92  fepilogue.o(.text)
    _double_round                            0x0800077f   Thumb Code    30  depilogue.o(.text)
    _double_epilogue                         0x0800079d   Thumb Code   156  depilogue.o(.text)
    __aeabi_d2ulz                            0x08000839   Thumb Code    48  dfixul.o(.text)
    __scatterload                            0x08000869   Thumb Code    28  init.o(.text)
    __scatterload_rt2                        0x08000869   Thumb Code     0  init.o(.text)
    __aeabi_llsr                             0x0800088d   Thumb Code    32  llushr.o(.text)
    _ll_ushift_r                             0x0800088d   Thumb Code     0  llushr.o(.text)
    BusFault_Handler                         0x080008ad   Thumb Code     4  stm32f4xx_it.o(i.BusFault_Handler)
    DMA2_Stream2_IRQHandler                  0x080008b1   Thumb Code    38  dev_dma.o(i.DMA2_Stream2_IRQHandler)
    DMA_ClearFlag                            0x080008e5   Thumb Code    38  stm32f4xx_dma.o(i.DMA_ClearFlag)
    DMA_ClearITPendingBit                    0x08000919   Thumb Code    38  stm32f4xx_dma.o(i.DMA_ClearITPendingBit)
    DMA_Cmd                                  0x0800094d   Thumb Code    22  stm32f4xx_dma.o(i.DMA_Cmd)
    DMA_DeInit                               0x08000965   Thumb Code   324  stm32f4xx_dma.o(i.DMA_DeInit)
    DMA_GetITStatus                          0x08000abd   Thumb Code    82  stm32f4xx_dma.o(i.DMA_GetITStatus)
    DMA_ITConfig                             0x08000b21   Thumb Code    58  stm32f4xx_dma.o(i.DMA_ITConfig)
    DMA_Init                                 0x08000b5d   Thumb Code    82  stm32f4xx_dma.o(i.DMA_Init)
    DebugMon_Handler                         0x08000bb5   Thumb Code     2  stm32f4xx_it.o(i.DebugMon_Handler)
    GPIO_Init                                0x08000bb7   Thumb Code   144  stm32f4xx_gpio.o(i.GPIO_Init)
    GPIO_PinAFConfig                         0x08000c47   Thumb Code    70  stm32f4xx_gpio.o(i.GPIO_PinAFConfig)
    GPIO_ResetBits                           0x08000c8d   Thumb Code     4  stm32f4xx_gpio.o(i.GPIO_ResetBits)
    GPIO_SetBits                             0x08000c91   Thumb Code     4  stm32f4xx_gpio.o(i.GPIO_SetBits)
    HardFault_Handler                        0x08000c95   Thumb Code     4  stm32f4xx_it.o(i.HardFault_Handler)
    MemManage_Handler                        0x08000c99   Thumb Code     4  stm32f4xx_it.o(i.MemManage_Handler)
    NMI_Handler                              0x08000c9d   Thumb Code     2  stm32f4xx_it.o(i.NMI_Handler)
    NVIC_Init                                0x08000ca1   Thumb Code   106  misc.o(i.NVIC_Init)
    NVIC_PriorityGroupConfig                 0x08000d19   Thumb Code    10  misc.o(i.NVIC_PriorityGroupConfig)
    PendSV_Handler                           0x08000d2d   Thumb Code     2  stm32f4xx_it.o(i.PendSV_Handler)
    RCC_AHB1PeriphClockCmd                   0x08000d31   Thumb Code    26  stm32f4xx_rcc.o(i.RCC_AHB1PeriphClockCmd)
    RCC_APB1PeriphClockCmd                   0x08000d51   Thumb Code    26  stm32f4xx_rcc.o(i.RCC_APB1PeriphClockCmd)
    RCC_APB1PeriphResetCmd                   0x08000d71   Thumb Code    26  stm32f4xx_rcc.o(i.RCC_APB1PeriphResetCmd)
    RCC_APB2PeriphClockCmd                   0x08000d91   Thumb Code    26  stm32f4xx_rcc.o(i.RCC_APB2PeriphClockCmd)
    RCC_APB2PeriphResetCmd                   0x08000db1   Thumb Code    26  stm32f4xx_rcc.o(i.RCC_APB2PeriphResetCmd)
    RCC_GetClocksFreq                        0x08000dd1   Thumb Code   214  stm32f4xx_rcc.o(i.RCC_GetClocksFreq)
    SDIO_ClearFlag                           0x08000eb9   Thumb Code     6  stm32f4xx_sdio.o(i.SDIO_ClearFlag)
    SDIO_GetFlagStatus                       0x08000ec5   Thumb Code    20  stm32f4xx_sdio.o(i.SDIO_GetFlagStatus)
    SDIO_IRQHandler                          0x08000edd   Thumb Code     8  dev_sd.o(i.SDIO_IRQHandler)
    SDIO_SendCommand                         0x08000ee5   Thumb Code    40  stm32f4xx_sdio.o(i.SDIO_SendCommand)
    SPI_Cmd                                  0x08000f11   Thumb Code    24  stm32f4xx_spi.o(i.SPI_Cmd)
    SPI_I2S_GetFlagStatus                    0x08000f29   Thumb Code    18  stm32f4xx_spi.o(i.SPI_I2S_GetFlagStatus)
    SPI_I2S_ReceiveData                      0x08000f3b   Thumb Code     6  stm32f4xx_spi.o(i.SPI_I2S_ReceiveData)
    SPI_I2S_SendData                         0x08000f41   Thumb Code     4  stm32f4xx_spi.o(i.SPI_I2S_SendData)
    SPI_Init                                 0x08000f45   Thumb Code    60  stm32f4xx_spi.o(i.SPI_Init)
    SVC_Handler                              0x08000f81   Thumb Code     2  stm32f4xx_it.o(i.SVC_Handler)
    SysTick_CLKSourceConfig                  0x08000f83   Thumb Code    40  misc.o(i.SysTick_CLKSourceConfig)
    SysTick_Handler                          0x08000fad   Thumb Code    18  dev_clock.o(i.SysTick_Handler)
    SystemInit                               0x08000fc5   Thumb Code    88  system_stm32f4xx.o(i.SystemInit)
    TIM_ARRPreloadConfig                     0x0800102d   Thumb Code    24  stm32f4xx_tim.o(i.TIM_ARRPreloadConfig)
    TIM_Cmd                                  0x08001045   Thumb Code    24  stm32f4xx_tim.o(i.TIM_Cmd)
    TIM_CtrlPWMOutputs                       0x0800105d   Thumb Code    30  stm32f4xx_tim.o(i.TIM_CtrlPWMOutputs)
    TIM_OC1Init                              0x0800107d   Thumb Code   114  stm32f4xx_tim.o(i.TIM_OC1Init)
    TIM_OC1PreloadConfig                     0x080010f9   Thumb Code    18  stm32f4xx_tim.o(i.TIM_OC1PreloadConfig)
    TIM_OC2Init                              0x0800110d   Thumb Code   154  stm32f4xx_tim.o(i.TIM_OC2Init)
    TIM_OC2PreloadConfig                     0x080011b1   Thumb Code    26  stm32f4xx_tim.o(i.TIM_OC2PreloadConfig)
    TIM_OC3Init                              0x080011cd   Thumb Code   150  stm32f4xx_tim.o(i.TIM_OC3Init)
    TIM_OC3PreloadConfig                     0x0800126d   Thumb Code    18  stm32f4xx_tim.o(i.TIM_OC3PreloadConfig)
    TIM_OC4Init                              0x08001281   Thumb Code   112  stm32f4xx_tim.o(i.TIM_OC4Init)
    TIM_OC4PreloadConfig                     0x080012f9   Thumb Code    26  stm32f4xx_tim.o(i.TIM_OC4PreloadConfig)
    TIM_SetCompare1                          0x08001313   Thumb Code     4  stm32f4xx_tim.o(i.TIM_SetCompare1)
    TIM_SetCompare2                          0x08001317   Thumb Code     4  stm32f4xx_tim.o(i.TIM_SetCompare2)
    TIM_SetCompare3                          0x0800131b   Thumb Code     4  stm32f4xx_tim.o(i.TIM_SetCompare3)
    TIM_SetCompare4                          0x0800131f   Thumb Code     4  stm32f4xx_tim.o(i.TIM_SetCompare4)
    TIM_TimeBaseInit                         0x08001325   Thumb Code   104  stm32f4xx_tim.o(i.TIM_TimeBaseInit)
    USART2_IRQHandler                        0x080013a9   Thumb Code    10  stm32f4xx_it.o(i.USART2_IRQHandler)
    USART3_IRQHandler                        0x080013b9   Thumb Code    10  stm32f4xx_it.o(i.USART3_IRQHandler)
    USART6_IRQHandler                        0x080013c9   Thumb Code    10  stm32f4xx_it.o(i.USART6_IRQHandler)
    USART_ClearITPendingBit                  0x080013d9   Thumb Code    30  stm32f4xx_usart.o(i.USART_ClearITPendingBit)
    USART_Cmd                                0x080013f7   Thumb Code    24  stm32f4xx_usart.o(i.USART_Cmd)
    USART_DMACmd                             0x0800140f   Thumb Code    18  stm32f4xx_usart.o(i.USART_DMACmd)
    USART_DeInit                             0x08001421   Thumb Code   156  stm32f4xx_usart.o(i.USART_DeInit)
    USART_GetFlagStatus                      0x080014d5   Thumb Code    26  stm32f4xx_usart.o(i.USART_GetFlagStatus)
    USART_GetITStatus                        0x080014ef   Thumb Code    84  stm32f4xx_usart.o(i.USART_GetITStatus)
    USART_ITConfig                           0x08001543   Thumb Code    74  stm32f4xx_usart.o(i.USART_ITConfig)
    USART_Init                               0x0800158d   Thumb Code   204  stm32f4xx_usart.o(i.USART_Init)
    USART_ReceiveData                        0x08001661   Thumb Code    10  stm32f4xx_usart.o(i.USART_ReceiveData)
    USART_SendData                           0x0800166b   Thumb Code     8  stm32f4xx_usart.o(i.USART_SendData)
    UsageFault_Handler                       0x08001673   Thumb Code     4  stm32f4xx_it.o(i.UsageFault_Handler)
    Loop_check()                             0x08001679   Thumb Code    86  dev_clock.o(i._Z10Loop_checkv)
    task_10_ms()                             0x08001a39   Thumb Code    54  uav_task.o(i._Z10task_10_msv)
    task_20_ms()                             0x08001a81   Thumb Code     8  uav_task.o(i._Z10task_20_msv)
    task_50_ms()                             0x08001a89   Thumb Code    14  uav_task.o(i._Z10task_50_msv)
    AttitudeEKF(unsigned char, unsigned char, const unsigned char*, float, const float*, float, float, float, float, float, float, float, const float*, float*, float*, float*, float*, float*) 0x08001a9d   Thumb Code  8996  attitudeekf.o(i._Z11AttitudeEKFhhPKhfPKffffffffS2_PfS3_S3_S3_S3_)
    Get_Cycle_T(unsigned char)               0x08003dd1   Thumb Code   118  dev_clock.o(i._Z11Get_Cycle_Th)
    GPS_Analysis(nmea_msg*, unsigned char*)  0x08003f3d   Thumb Code    48  dev_gps.o(i._Z12GPS_AnalysisP8nmea_msgPh)
    NMEA_Str2num(unsigned char*, unsigned char*) 0x08003f6d   Thumb Code   234  dev_gps.o(i._Z12NMEA_Str2numPhS_)
    CmdResp1Error(unsigned char)             0x08004059   Thumb Code    98  dev_sd.o(i._Z13CmdResp1Errorh)
    GetSysTime_us()                          0x080040c5   Thumb Code    48  dev_clock.o(i._Z13GetSysTime_usv)
    SPI1_SetSpeed(unsigned char)             0x080040f9   Thumb Code    26  dev_spi.o(i._Z13SPI1_SetSpeedh)
    NMEA_Comma_Pos(unsigned char*, unsigned char) 0x0800411d   Thumb Code    50  dev_gps.o(i._Z14NMEA_Comma_PosPhh)
    To_180_degrees(float)                    0x08004151   Thumb Code    58  cal_math.o(i._Z14To_180_degreesf)
    SD_ProcessIRQSrc()                       0x08004199   Thumb Code   318  dev_sd.o(i._Z16SD_ProcessIRQSrcv)
    GPS_DataCacheCall(unsigned char)         0x080042ed   Thumb Code    52  dev_gps.o(i._Z17GPS_DataCacheCallh)
    SPI1_ReadWriteByte(unsigned char)        0x08004329   Thumb Code    78  dev_spi.o(i._Z18SPI1_ReadWriteByteh)
    NMEA_GPGGA_Analysis(nmea_msg*, unsigned char*) 0x0800437d   Thumb Code    96  dev_gps.o(i._Z19NMEA_GPGGA_AnalysisP8nmea_msgPh)
    NMEA_GPGSA_Analysis(nmea_msg*, unsigned char*) 0x080043e5   Thumb Code   176  dev_gps.o(i._Z19NMEA_GPGSA_AnalysisP8nmea_msgPh)
    NMEA_GPGSV_Analysis(nmea_msg*, unsigned char*) 0x0800449d   Thumb Code   290  dev_gps.o(i._Z19NMEA_GPGSV_AnalysisP8nmea_msgPh)
    NMEA_GPRMC_Analysis(nmea_msg*, unsigned char*) 0x080045c9   Thumb Code   532  dev_gps.o(i._Z19NMEA_GPRMC_AnalysisP8nmea_msgPh)
    NMEA_GPVTG_Analysis(nmea_msg*, unsigned char*) 0x080047e9   Thumb Code    78  dev_gps.o(i._Z19NMEA_GPVTG_AnalysisP8nmea_msgPh)
    SysTick_Configuration()                  0x08004841   Thumb Code    98  dev_clock.o(i._Z21SysTick_Configurationv)
    EKF(Vector3<float>, Vector3<float>, Vector3<float>, unsigned char*, float) 0x080048ad   Thumb Code   560  imu_ekf.o(i._Z3EKF7Vector3IfES0_S0_Phf)
    invSqrt(float)                           0x08004ee5   Thumb Code    48  cal_math.o(i._Z7invSqrtf)
    radians(float)                           0x08004f19   Thumb Code    14  cal_math.o(i._Z7radiansf)
    Delay_ms(unsigned)                       0x08004f2d   Thumb Code    24  dev_clock.o(i._Z8Delay_msj)
    Delay_us(unsigned)                       0x08004f45   Thumb Code    24  dev_clock.o(i._Z8Delay_usj)
    GPS_Call()                               0x08004f5d   Thumb Code    54  dev_gps.o(i._Z8GPS_Callv)
    NMEA_Pow(unsigned char, unsigned char)   0x08004fa5   Thumb Code    22  dev_gps.o(i._Z8NMEA_Powhh)
    TaskLoop()                               0x08004fbd   Thumb Code   108  uav_task.o(i._Z8TaskLoopv)
    sys_time()                               0x08005395   Thumb Code   116  dev_clock.o(i._Z8sys_timev)
    SPI1_Init()                              0x08005419   Thumb Code   196  dev_spi.o(i._Z9SPI1_Initv)
    deathzoom(float, float)                  0x080054e9   Thumb Code    62  cal_math.o(i._Z9deathzoomff)
    task_1_ms()                              0x0800552d   Thumb Code    10  uav_task.o(i._Z9task_1_msv)
    task_2_ms()                              0x0800553d   Thumb Code   124  uav_task.o(i._Z9task_2_msv)
    task_5_ms()                              0x080055d1   Thumb Code    52  uav_task.o(i._Z9task_5_msv)
    _PARAMETER::ReadAnglePID()               0x08005611   Thumb Code   102  uav_parameter.o(i._ZN10_PARAMETER12ReadAnglePIDEv)
    _PARAMETER::SaveAnglePID()               0x08005699   Thumb Code   102  uav_parameter.o(i._ZN10_PARAMETER12SaveAnglePIDEv)
    _PARAMETER::Configuration()              0x08005721   Thumb Code   124  uav_parameter.o(i._ZN10_PARAMETER13ConfigurationEv)
    _PARAMETER::ReadAngularPID()             0x0800579d   Thumb Code   102  uav_parameter.o(i._ZN10_PARAMETER14ReadAngularPIDEv)
    _PARAMETER::SaveAngularPID()             0x08005829   Thumb Code   102  uav_parameter.o(i._ZN10_PARAMETER14SaveAngularPIDEv)
    _PARAMETER::ReadAccOfferset()            0x080058b1   Thumb Code   150  uav_parameter.o(i._ZN10_PARAMETER15ReadAccOffersetEv)
    _PARAMETER::ReadGyrOfferset()            0x0800598d   Thumb Code   150  uav_parameter.o(i._ZN10_PARAMETER15ReadGyrOffersetEv)
    _PARAMETER::ReadMagOfferset()            0x08005a6d   Thumb Code   150  uav_parameter.o(i._ZN10_PARAMETER15ReadMagOffersetEv)
    _PARAMETER::SaveAccOfferset(Vector3<float>) 0x08005b51   Thumb Code    64  uav_parameter.o(i._ZN10_PARAMETER15SaveAccOffersetE7Vector3IfE)
    _PARAMETER::SaveGyrOfferset(Vector3<float>) 0x08005bb5   Thumb Code    56  uav_parameter.o(i._ZN10_PARAMETER15SaveGyrOffersetE7Vector3IfE)
    _PARAMETER::SaveMagOfferset(Vector3<float>) 0x08005c0d   Thumb Code    56  uav_parameter.o(i._ZN10_PARAMETER15SaveMagOffersetE7Vector3IfE)
    _PARAMETER::Read_MS_DIS_SPEPID()         0x08005c61   Thumb Code    80  uav_parameter.o(i._ZN10_PARAMETER18Read_MS_DIS_SPEPIDEv)
    _PARAMETER::Read_UL_DIS_SPEPID()         0x08005cd9   Thumb Code    80  uav_parameter.o(i._ZN10_PARAMETER18Read_UL_DIS_SPEPIDEv)
    _PARAMETER::Save_MS_DIS_SPEPID()         0x08005d51   Thumb Code    80  uav_parameter.o(i._ZN10_PARAMETER18Save_MS_DIS_SPEPIDEv)
    _PARAMETER::Save_UL_DIS_SPEPID()         0x08005dc9   Thumb Code    80  uav_parameter.o(i._ZN10_PARAMETER18Save_UL_DIS_SPEPIDEv)
    _FLASH25Q32::SPI_Flash_Read(unsigned char*, unsigned, unsigned short) 0x08005e41   Thumb Code    80  dev_flash.o(i._ZN11_FLASH25Q3214SPI_Flash_ReadEPhjt)
    _FLASH25Q32::SPI_Flash_Write(unsigned char*, unsigned, unsigned short) 0x08005e95   Thumb Code   186  dev_flash.o(i._ZN11_FLASH25Q3215SPI_Flash_WriteEPhjt)
    _FLASH25Q32::SPI_Flash_ReadID()          0x08005f55   Thumb Code    68  dev_flash.o(i._ZN11_FLASH25Q3216SPI_Flash_ReadIDEv)
    _FLASH25Q32::SPI_Flash_ReadSR()          0x08005f9d   Thumb Code    40  dev_flash.o(i._ZN11_FLASH25Q3216SPI_Flash_ReadSREv)
    _FLASH25Q32::SPI_Flash_Read_f(unsigned, float*, unsigned short) 0x08005fc9   Thumb Code    28  dev_flash.o(i._ZN11_FLASH25Q3216SPI_Flash_Read_fEjPft)
    _FLASH25Q32::SPI_Flash_Write_f(unsigned, float*, unsigned short) 0x08005fe5   Thumb Code    28  dev_flash.o(i._ZN11_FLASH25Q3217SPI_Flash_Write_fEjPft)
    _FLASH25Q32::SPI_Flash_Wait_Busy()       0x08006001   Thumb Code    22  dev_flash.o(i._ZN11_FLASH25Q3219SPI_Flash_Wait_BusyEv)
    _FLASH25Q32::SPI_Flash_Write_Page(unsigned char*, unsigned, unsigned short) 0x08006019   Thumb Code    90  dev_flash.o(i._ZN11_FLASH25Q3220SPI_Flash_Write_PageEPhjt)
    _FLASH25Q32::SPI_FLASH_Write_Enable()    0x08006079   Thumb Code    28  dev_flash.o(i._ZN11_FLASH25Q3222SPI_FLASH_Write_EnableEv)
    _FLASH25Q32::SPI_Flash_Erase_Sector(unsigned) 0x08006099   Thumb Code    72  dev_flash.o(i._ZN11_FLASH25Q3222SPI_Flash_Erase_SectorEj)
    _FLASH25Q32::SPI_Flash_Write_NoCheck(unsigned char*, unsigned, unsigned short) 0x080060e5   Thumb Code    74  dev_flash.o(i._ZN11_FLASH25Q3223SPI_Flash_Write_NoCheckEPhjt)
    _FLASH25Q32::Init_()                     0x08006131   Thumb Code    36  dev_flash.o(i._ZN11_FLASH25Q325Init_Ev)
    IMU::Init()                              0x08006169   Thumb Code    60  imu.o(i._ZN3IMU4InitEv)
    IMU::Attitude(float)                     0x080061ad   Thumb Code   234  imu.o(i._ZN3IMU8AttitudeEf)
    IMU::IMU()                               0x080062b5   Thumb Code   120  imu.o(i._ZN3IMUC1Ev)
    IMU::IMU__sub_object()                   0x080062b5   Thumb Code     0  imu.o(i._ZN3IMUC1Ev)
    _RC::Thr()                               0x0800632d   Thumb Code   214  uav_rc.o(i._ZN3_RC3ThrEv)
    _RC::Mode()                              0x0800642d   Thumb Code    62  uav_rc.o(i._ZN3_RC4ModeEv)
    _RC::Deblock(float)                      0x0800646d   Thumb Code   168  uav_rc.o(i._ZN3_RC7DeblockEf)
    _RC::DataMange(float)                    0x08006521   Thumb Code   196  uav_rc.o(i._ZN3_RC9DataMangeEf)
    _DMA::Configuration()                    0x080065ed   Thumb Code   112  dev_dma.o(i._ZN4_DMA13ConfigurationEv)
    _I2C::SingleRead(unsigned char, unsigned char, unsigned char*) 0x08006665   Thumb Code   110  dev_i2c.o(i._ZN4_I2C10SingleReadEhhPh)
    _I2C::SingleWrite(unsigned char, unsigned char, unsigned char) 0x080066d3   Thumb Code    82  dev_i2c.o(i._ZN4_I2C11SingleWriteEhhh)
    _I2C::Ack()                              0x08006725   Thumb Code    56  dev_i2c.o(i._ZN4_I2C3AckEv)
    _I2C::Stop()                             0x08006761   Thumb Code    58  dev_i2c.o(i._ZN4_I2C4StopEv)
    _I2C::Delay()                            0x080067a1   Thumb Code    24  dev_i2c.o(i._ZN4_I2C5DelayEv)
    _I2C::NoAck()                            0x080067b9   Thumb Code    58  dev_i2c.o(i._ZN4_I2C5NoAckEv)
    _I2C::Start()                            0x080067f9   Thumb Code    92  dev_i2c.o(i._ZN4_I2C5StartEv)
    _I2C::WaitAck()                          0x08006859   Thumb Code    96  dev_i2c.o(i._ZN4_I2C7WaitAckEv)
    _I2C::MultRead(unsigned char, unsigned char, unsigned char, unsigned char*) 0x080068bd   Thumb Code   136  dev_i2c.o(i._ZN4_I2C8MultReadEhhhPh)
    _I2C::ReadByte(unsigned char)            0x08006945   Thumb Code   102  dev_i2c.o(i._ZN4_I2C8ReadByteEh)
    _I2C::SendByte(unsigned char)            0x080069b1   Thumb Code    86  dev_i2c.o(i._ZN4_I2C8SendByteEh)
    _LED::Configuration()                    0x08006a0d   Thumb Code    28  dev_led.o(i._ZN4_LED13ConfigurationEv)
    _PID::Cal()                              0x08006a2d   Thumb Code    50  uav_pid.o(i._ZN4_PID3CalEv)
    _PID::Init(float, float, float)          0x08006a61   Thumb Code   102  uav_pid.o(i._ZN4_PID4InitEfff)
    _PID::Err_d(float)                       0x08006acd   Thumb Code   146  uav_pid.o(i._ZN4_PID5Err_dEf)
    _PID::Err_i(float)                       0x08006b6d   Thumb Code    26  uav_pid.o(i._ZN4_PID5Err_iEf)
    _PID::GetErr(float)                      0x08006b87   Thumb Code    14  uav_pid.o(i._ZN4_PID6GetErrEf)
    _PID::disErr_i(float, float)             0x08006b95   Thumb Code   138  uav_pid.o(i._ZN4_PID8disErr_iEff)
    _RCC::Configuration()                    0x08006c21   Thumb Code   100  dev_rcc.o(i._ZN4_RCC13ConfigurationEv)
    _UAV::Init()                             0x08006c89   Thumb Code    88  uav_init.o(i._ZN4_UAV4InitEv)
    _MOTO::MotoBaseInit(TIM_TypeDef*, unsigned char) 0x08006d05   Thumb Code   248  dev_moto.o(i._ZN5_MOTO12MotoBaseInitEP11TIM_TypeDefh)
    _MOTO::SetPwm(unsigned short*)           0x08006e01   Thumb Code    56  dev_moto.o(i._ZN5_MOTO6SetPwmEPt)
    _MOTO::MotoInit()                        0x08006e3d   Thumb Code    38  dev_moto.o(i._ZN5_MOTO8MotoInitEv)
    _NVIC::Configuration()                   0x08006e69   Thumb Code   122  dev_nvic.o(i._ZN5_NVIC13ConfigurationEv)
    _PORT::Configuration()                   0x08006ee5   Thumb Code   444  dev_port.o(i._ZN5_PORT13ConfigurationEv)
    Filter::CF_Factor_Cal(float, float)      0x080070b5   Thumb Code    14  uav_filter.o(i._ZN6Filter13CF_Factor_CalEff)
    Filter::Moving_Average(float, float*, unsigned short, unsigned short*, float*) 0x080070c3   Thumb Code    96  uav_filter.o(i._ZN6Filter14Moving_AverageEfPftPtS0_)
    Filter::LPF_1st_Factor_Cal(float, float) 0x08007125   Thumb Code    30  uav_filter.o(i._ZN6Filter18LPF_1st_Factor_CalEff)
    Filter::LPF_2nd_Factor_Cal(float, float, Filter::LPF2ndData_t*) 0x08007149   Thumb Code   142  uav_filter.o(i._ZN6Filter18LPF_2nd_Factor_CalEffPNS_12LPF2ndData_tE)
    Filter::LPF_2nd(Filter::LPF2ndData_t*, Vector3<float>) 0x080071dd   Thumb Code   192  uav_filter.o(i._ZN6Filter7LPF_2ndEPNS_12LPF2ndData_tE7Vector3IfE)
    _DEBUS::RemotCall()                      0x080072a1   Thumb Code   108  dev_debus.o(i._ZN6_DEBUS9RemotCallEv)
    _US100::SampleTriger(float)              0x08007311   Thumb Code    32  dev_us100.o(i._ZN6_US10012SampleTrigerEf)
    _US100::disCall()                        0x08007335   Thumb Code   176  dev_us100.o(i._ZN6_US1007disCallEv)
    _USART::Usart2Call()                     0x080073fd   Thumb Code   330  dev_usart.o(i._ZN6_USART10Usart2CallEv)
    _USART::Usart3Call()                     0x0800756d   Thumb Code    44  dev_usart.o(i._ZN6_USART10Usart3CallEv)
    _USART::Usart6Call()                     0x0800759d   Thumb Code    34  dev_usart.o(i._ZN6_USART10Usart6CallEv)
    _USART::Configuration()                  0x080075c9   Thumb Code   250  dev_usart.o(i._ZN6_USART13ConfigurationEv)
    _USART::Uart2_Put_Buf(unsigned char*, unsigned char) 0x080076dd   Thumb Code    68  dev_usart.o(i._ZN6_USART13Uart2_Put_BufEPhh)
    _AK8975::DataSample()                    0x0800772d   Thumb Code   360  dev_ak8975.o(i._ZN7_AK897510DataSampleEv)
    _AK8975::MagCalOffset()                  0x08007899   Thumb Code   620  dev_ak8975.o(i._ZN7_AK897512MagCalOffsetEv)
    _AK8975::SampleTriger()                  0x08007b2d   Thumb Code    18  dev_ak8975.o(i._ZN7_AK897512SampleTrigerEv)
    _MS5611::DataUpdate()                    0x08007b41   Thumb Code    64  dev_ms5611.o(i._ZN7_MS561110DataUpdateEv)
    _MS5611::Configuration()                 0x08007b85   Thumb Code    40  dev_ms5611.o(i._ZN7_MS561113ConfigurationEv)
    _MS5611::PressureSample()                0x08007bad   Thumb Code    22  dev_ms5611.o(i._ZN7_MS561114PressureSampleEv)
    _MS5611::BaroAltCalculate()              0x08007bc5   Thumb Code   752  dev_ms5611.o(i._ZN7_MS561116BaroAltCalculateEv)
    _MS5611::TemperatureSample()             0x08007ef9   Thumb Code    22  dev_ms5611.o(i._ZN7_MS561117TemperatureSampleEv)
    _MS5611::PressureSampleTriger()          0x08007f0f   Thumb Code    18  dev_ms5611.o(i._ZN7_MS561120PressureSampleTrigerEv)
    _MS5611::TemperatureSampleTriger()       0x08007f21   Thumb Code    18  dev_ms5611.o(i._ZN7_MS561123TemperatureSampleTrigerEv)
    _MS5611::Reset()                         0x08007f33   Thumb Code    18  dev_ms5611.o(i._ZN7_MS56115ResetEv)
    _MS5611::ReadProm()                      0x08007f45   Thumb Code    90  dev_ms5611.o(i._ZN7_MS56118ReadPromEv)
    _CONTROL::DecompositionOutput()          0x08007fa1   Thumb Code   764  uav_control.o(i._ZN8_CONTROL19DecompositionOutputEv)
    _CONTROL::Init()                         0x080082c5   Thumb Code   194  uav_control.o(i._ZN8_CONTROL4InitEv)
    _CONTROL::Angle(float)                   0x08008391   Thumb Code  1514  uav_control.o(i._ZN8_CONTROL5AngleEf)
    _CONTROL::Angular(float)                 0x08008989   Thumb Code  2172  uav_control.o(i._ZN8_CONTROL7AngularEf)
    _MAVLINK::Send_Check(unsigned char, unsigned char) 0x08009205   Thumb Code    72  dev_mavlink.o(i._ZN8_MAVLINK10Send_CheckEhh)
    _MAVLINK::Send_Power(unsigned short, unsigned short) 0x0800924d   Thumb Code   154  dev_mavlink.o(i._ZN8_MAVLINK10Send_PowerEtt)
    _MAVLINK::Send_RCData(unsigned short, unsigned short, unsigned short, unsigned short, unsigned short, unsigned short, unsigned short, unsigned short, unsigned short, unsigned short) 0x080092e7   Thumb Code   392  dev_mavlink.o(i._ZN8_MAVLINK11Send_RCDataEtttttttttt)
    _MAVLINK::Send_Senser(short, short, short, short, short, short, short, short, short) 0x0800946f   Thumb Code   412  dev_mavlink.o(i._ZN8_MAVLINK11Send_SenserEsssssssss)
    _MAVLINK::Send_Status(float, float, float, int, unsigned char, unsigned char) 0x0800960d   Thumb Code   368  dev_mavlink.o(i._ZN8_MAVLINK11Send_StatusEfffihh)
    _MAVLINK::Send_Senser2(int, unsigned short) 0x08009781   Thumb Code   186  dev_mavlink.o(i._ZN8_MAVLINK12Send_Senser2Eit)
    _MAVLINK::Send_Version(unsigned char, unsigned short, unsigned short, unsigned short, unsigned short) 0x0800983b   Thumb Code   216  dev_mavlink.o(i._ZN8_MAVLINK12Send_VersionEhtttt)
    _MAVLINK::Data_Exchange()                0x08009915   Thumb Code  1168  dev_mavlink.o(i._ZN8_MAVLINK13Data_ExchangeEv)
    _MAVLINK::Data_Receive_Anl(unsigned char*, unsigned char) 0x08009db1   Thumb Code  1330  dev_mavlink.o(i._ZN8_MAVLINK16Data_Receive_AnlEPhh)
    _MAVLINK::Send_PID(unsigned char, float, float, float, float, float, float, float, float, float) 0x0800a2f1   Thumb Code   606  dev_mavlink.o(i._ZN8_MAVLINK8Send_PIDEhfffffffff)
    _MAVLINK::Send_Data(unsigned char*, unsigned char) 0x0800a555   Thumb Code    22  dev_mavlink.o(i._ZN8_MAVLINK9Send_DataEPhh)
    _MPU6050::DataSample()                   0x0800a571   Thumb Code   314  dev_mup6050.o(i._ZN8_MPU605010DataSampleEv)
    _MPU6050::GetGyro2dps()                  0x0800a6ad   Thumb Code    78  dev_mup6050.o(i._ZN8_MPU605011GetGyro2dpsEv)
    _MPU6050::I2CwriteBit(unsigned char, unsigned char, unsigned char, unsigned char) 0x0800a701   Thumb Code    94  dev_mup6050.o(i._ZN8_MPU605011I2CwriteBitEhhhh)
    _MPU6050::AccCalOffset()                 0x0800a761   Thumb Code   266  dev_mup6050.o(i._ZN8_MPU605012AccCalOffsetEv)
    _MPU6050::I2CwriteBits(unsigned char, unsigned char, unsigned char, unsigned char, unsigned char) 0x0800a885   Thumb Code   110  dev_mup6050.o(i._ZN8_MPU605012I2CwriteBitsEhhhhh)
    _MPU6050::SetI2CBypass(unsigned char)    0x0800a8f3   Thumb Code    22  dev_mup6050.o(i._ZN8_MPU605012SetI2CBypassEh)
    _MPU6050::Configuration(unsigned short)  0x0800a909   Thumb Code   194  dev_mup6050.o(i._ZN8_MPU605013ConfigurationEt)
    _MPU6050::GyroCalOffset()                0x0800a9cd   Thumb Code   216  dev_mup6050.o(i._ZN8_MPU605013GyroCalOffsetEv)
    _MPU6050::GyroAutoOffset(unsigned char)  0x0800aab9   Thumb Code   588  dev_mup6050.o(i._ZN8_MPU605014GyroAutoOffsetEh)
    _MPU6050::SetClockSource(unsigned char)  0x0800ad0d   Thumb Code    26  dev_mup6050.o(i._ZN8_MPU605014SetClockSourceEh)
    _MPU6050::SetI2CMasterMode(unsigned char) 0x0800ad27   Thumb Code    22  dev_mup6050.o(i._ZN8_MPU605016SetI2CMasterModeEh)
    _MPU6050::SetFullScaleGyroRange(unsigned char) 0x0800ad3d   Thumb Code    46  dev_mup6050.o(i._ZN8_MPU605021SetFullScaleGyroRangeEh)
    _MPU6050::SetFullScaleAccelRange(unsigned char) 0x0800ad6b   Thumb Code    46  dev_mup6050.o(i._ZN8_MPU605022SetFullScaleAccelRangeEh)
    _MPU6050::Read()                         0x0800ad99   Thumb Code    24  dev_mup6050.o(i._ZN8_MPU60504ReadEv)
    _MPU6050::SetDLPF(unsigned char)         0x0800adb1   Thumb Code    26  dev_mup6050.o(i._ZN8_MPU60507SetDLPFEh)
    _MPU6050::SetSleep(unsigned char)        0x0800adcb   Thumb Code    22  dev_mup6050.o(i._ZN8_MPU60508SetSleepEh)
    _MPU6050::SetSample(unsigned short)      0x0800ade1   Thumb Code    32  dev_mup6050.o(i._ZN8_MPU60509SetSampleEt)
    _MPU6050::_MPU6050()                     0x0800ae01   Thumb Code   150  dev_mup6050.o(i._ZN8_MPU6050C1Ev)
    _MPU6050::_MPU6050__sub_object()         0x0800ae01   Thumb Code     0  dev_mup6050.o(i._ZN8_MPU6050C1Ev)
    _ATTITUDE::DISControl(float)             0x0800ae99   Thumb Code   526  uav_attitude.o(i._ZN9_ATTITUDE10DISControlEf)
    _ATTITUDE::GetDIS_SPE(float)             0x0800b0dd   Thumb Code  1204  uav_attitude.o(i._ZN9_ATTITUDE10GetDIS_SPEEf)
    _ATTITUDE::SPEControl(float)             0x0800b599   Thumb Code   858  uav_attitude.o(i._ZN9_ATTITUDE10SPEControlEf)
    _ATTITUDE::Init()                        0x0800b939   Thumb Code   130  uav_attitude.o(i._ZN9_ATTITUDE4InitEv)
    std::fabs(float)                         0x0800b9c5   Thumb Code    10  attitudeekf.o(i._ZSt4fabsf)
    std::atan2(float, float)                 0x0800b9cf   Thumb Code    32  imu_gradient.o(i._ZSt5atan2ff)
    __0printf                                0x0800b9f1   Thumb Code    22  printfa.o(i.__0printf)
    __1printf                                0x0800b9f1   Thumb Code     0  printfa.o(i.__0printf)
    __2printf                                0x0800b9f1   Thumb Code     0  printfa.o(i.__0printf)
    __c89printf                              0x0800b9f1   Thumb Code     0  printfa.o(i.__0printf)
    printf                                   0x0800b9f1   Thumb Code     0  printfa.o(i.__0printf)
    __ARM_fpclassifyf                        0x0800ba11   Thumb Code    38  fpclassifyf.o(i.__ARM_fpclassifyf)
    __cxa_guard_acquire                      0x0800ba37   Thumb Code    16  cxa_guard_acquire.o(i.__cxa_guard_acquire)
    __hardfp_asinf                           0x0800ba49   Thumb Code   258  asinf.o(i.__hardfp_asinf)
    __hardfp_atan2f                          0x0800bb75   Thumb Code   502  atan2f.o(i.__hardfp_atan2f)
    __hardfp_fabs                            0x0800bdc5   Thumb Code    20  fabs.o(i.__hardfp_fabs)
    __hardfp_sqrtf                           0x0800bdd9   Thumb Code    58  sqrtf.o(i.__hardfp_sqrtf)
    __mathlib_flt_infnan                     0x0800be13   Thumb Code     6  funder.o(i.__mathlib_flt_infnan)
    __mathlib_flt_infnan2                    0x0800be19   Thumb Code     6  funder.o(i.__mathlib_flt_infnan2)
    __mathlib_flt_invalid                    0x0800be21   Thumb Code    10  funder.o(i.__mathlib_flt_invalid)
    __mathlib_flt_underflow                  0x0800be31   Thumb Code    10  funder.o(i.__mathlib_flt_underflow)
    __scatterload_copy                       0x0800be41   Thumb Code    14  handlers.o(i.__scatterload_copy)
    __scatterload_null                       0x0800be4f   Thumb Code     2  handlers.o(i.__scatterload_null)
    __scatterload_zeroinit                   0x0800be51   Thumb Code    14  handlers.o(i.__scatterload_zeroinit)
    __set_errno                              0x0800be61   Thumb Code     6  errno.o(i.__set_errno)
    fputc                                    0x0800c7e1   Thumb Code    32  dev_usart.o(i.fputc)
    main                                     0x0800c805   Thumb Code    22  uav_task.o(i.main)
    sqrtf                                    0x0800c821   Thumb Code    62  sqrtf.o(i.sqrtf)
    Vector3<float>::Vector3(float, float, float) 0x0800c85f   Thumb Code    14  imu_dcm.o(t._ZN7Vector3IfEC1Efff)
    Vector3<float>::Vector3__sub_object(float, float, float) 0x0800c85f   Thumb Code     0  imu_dcm.o(t._ZN7Vector3IfEC1Efff)
    Vector3<float>::Vector3()                0x0800c86d   Thumb Code    18  imu.o(t._ZN7Vector3IfEC1Ev)
    Vector3<float>::Vector3__sub_object()    0x0800c86d   Thumb Code     0  imu.o(t._ZN7Vector3IfEC1Ev)
    Vector3<float>::operator ()(float, float, float) 0x0800c885   Thumb Code    14  dev_ak8975.o(t._ZN7Vector3IfEclEfff)
    Vector3<float>::operator +=(const Vector3<float>&) 0x0800c893   Thumb Code    50  cal_vector3.o(t._ZN7Vector3IfEpLERKS0_)
    Vector3<short>::Vector3()                0x0800c8c5   Thumb Code    10  uav_filter.o(t._ZN7Vector3IsEC1Ev)
    Vector3<short>::Vector3__sub_object()    0x0800c8c5   Thumb Code     0  uav_filter.o(t._ZN7Vector3IsEC1Ev)
    Vector3<float>::operator /(float) const  0x0800c8cf   Thumb Code    88  cal_vector3.o(t._ZNK7Vector3IfEdvEf)
    Vector3<float>::operator -(const Vector3<float>&) const 0x0800c927   Thumb Code    74  cal_vector3.o(t._ZNK7Vector3IfEmiERKS0_)
    Vector3<float>::operator *(const Vector3<float>&) const 0x0800c971   Thumb Code    38  cal_vector3.o(t._ZNK7Vector3IfEmlERKS0_)
    Vector3<float>::operator *(float) const  0x0800c997   Thumb Code    76  cal_vector3.o(t._ZNK7Vector3IfEmlEf)
    Vector3<float>::operator +(const Vector3<float>&) const 0x0800c9e3   Thumb Code    74  cal_vector3.o(t._ZNK7Vector3IfEplERKS0_)
    Region$$Table$$Base                      0x0800ccf0   Number         0  anon$$obj.o(Region$$Table)
    Region$$Table$$Limit                     0x0800cd10   Number         0  anon$$obj.o(Region$$Table)
    SHT$$INIT_ARRAY$$Base                    0x0800cd10   Number         0  uav_task.o(.init_array)
    SHT$$INIT_ARRAY$$Limit                   0x0800cd2c   Number         0  cpp_init.o(.init_array)
    Control                                  0x20000000   Data           1  uav_control.o(.data)
    filter                                   0x20000004   Data           1  uav_filter.o(.data)
    Led                                      0x20000087   Data           1  dev_led.o(.data)
    Moto                                     0x20000088   Data           1  dev_moto.o(.data)
    Usart                                    0x20000089   Data           1  dev_usart.o(.data)
    TxCounter                                0x2000008a   Data           1  dev_usart.o(.data)
    count                                    0x2000008b   Data           1  dev_usart.o(.data)
    sysTickUptime                            0x20000090   Data           4  dev_clock.o(.data)
    loop_cnt                                 0x20000094   Data           2  dev_clock.o(.data)
    time_1h                                  0x20000098   Data           4  dev_clock.o(.data)
    time_1m                                  0x2000009c   Data           4  dev_clock.o(.data)
    time_1s                                  0x200000a0   Data           4  dev_clock.o(.data)
    time_1ms                                 0x200000a4   Data           4  dev_clock.o(.data)
    TransferError                            0x200000ce   Data           1  dev_sd.o(.data)
    TransferEnd                              0x200000cf   Data           1  dev_sd.o(.data)
    tempbuff                                 0x200000d0   Data           4  dev_sd.o(.data)
    state                                    0x200000d4   Data           4  dev_sd.o(.data)
    adrr1                                    0x200000e8   Data           4  dev_flash.o(.data)
    adrr2                                    0x200000ec   Data           4  dev_flash.o(.data)
    adrr3                                    0x200000f0   Data           4  dev_flash.o(.data)
    adrr4                                    0x200000f4   Data           4  dev_flash.o(.data)
    flash25q32                               0x200000f8   Data           1  dev_flash.o(.data)
    SPI_FLASH_TYPE                           0x200000fa   Data           2  dev_flash.o(.data)
    GPSUSART_RX_ready                        0x200000fe   Data           1  dev_gps.o(.data)
    GPSUSART_RX_STA                          0x20000100   Data           2  dev_gps.o(.data)
    __stdout                                 0x20000114   Data           4  stdout.o(.data)
    UAV                                      0x2000011c   Data          12  uav_task.o(.bss)
    qAngle                                   0x20000128   Data         192  uav_control.o(.bss)
    qAngular                                 0x200001e8   Data         192  uav_control.o(.bss)
    Rc                                       0x200002c0   Data          52  uav_rc.o(.bss)
    Pamameter                                0x200002f4   Data         160  uav_parameter.o(.bss)
    imu                                      0x20000394   Data         132  imu.o(.bss)
    z_dis                                    0x20000fdc   Data         128  uav_attitude.o(.bss)
    z_spe                                    0x2000105c   Data         128  uav_attitude.o(.bss)
    Attitude                                 0x200010dc   Data          92  uav_attitude.o(.bss)
    TxBuffer                                 0x20001138   Data         256  dev_usart.o(.bss)
    Debus                                    0x2000126a   Data          12  dev_debus.o(.bss)
    Cycle_T                                  0x20001278   Data          48  dev_clock.o(.bss)
    loop                                     0x200012a8   Data          16  dev_clock.o(.bss)
    Ak8975                                   0x200012b8   Data          60  dev_ak8975.o(.bss)
    Mavlink                                  0x20001300   Data          65  dev_mavlink.o(.bss)
    debug                                    0x20001342   Data          20  dev_mavlink.o(.bss)
    Ms5611                                   0x20001358   Data         292  dev_ms5611.o(.bss)
    SDIO_InitStructure                       0x20001480   Data          24  dev_sd.o(.bss)
    SDIO_CmdInitStructure                    0x20001498   Data          20  dev_sd.o(.bss)
    SDIO_DataInitStructure                   0x200014ac   Data          24  dev_sd.o(.bss)
    SDCardInfo                               0x200014e8   Data          88  dev_sd.o(.bss)
    SDIO_DATA_BUFFER                         0x20001540   Data         512  dev_sd.o(.bss)
    Mpu6050                                  0x20001740   Data         176  dev_mup6050.o(.bss)
    SPI_InitStructure                        0x20001808   Data          18  dev_spi.o(.bss)
    SPI_FLASH_BUF                            0x2000181a   Data        4096  dev_flash.o(.bss)
    Dma                                      0x2000281a   Data          18  dev_dma.o(.bss)
    Us100                                    0x2000282c   Data          20  dev_us100.o(.bss)
    gpsx                                     0x20002840   Data         105  dev_gps.o(.bss)
    GPSUSART_RX_BUF                          0x200028a9   Data         800  dev_gps.o(.bss)
    GPSUSART_RX_BUF_old                      0x20002bc9   Data         800  dev_gps.o(.bss)
    GPSUSART_TX_BUF                          0x20002ee9   Data         300  dev_gps.o(.bss)
    __initial_sp                             0x20003418   Data           0  startup_stm32f40_41xxx.o(STACK)



==============================================================================

Memory Map of the image

  Image Entry point : 0x08000189

  Load Region LR_IROM1 (Base: 0x08000000, Size: 0x0000ce48, Max: 0x00100000, ABSOLUTE)

    Execution Region ER_IROM1 (Base: 0x08000000, Size: 0x0000cd2c, Max: 0x00100000, ABSOLUTE)

    Base Addr    Size         Type   Attr      Idx    E Section Name        Object

    0x08000000   0x00000188   Data   RO         4200    RESET               startup_stm32f40_41xxx.o
    0x08000188   0x00000000   Code   RO         6131  * .ARM.Collect$$$$00000000  mc_w.l(entry.o)
    0x08000188   0x00000004   Code   RO         6447    .ARM.Collect$$$$00000001  mc_w.l(entry2.o)
    0x0800018c   0x00000004   Code   RO         6450    .ARM.Collect$$$$00000004  mc_w.l(entry5.o)
    0x08000190   0x00000000   Code   RO         6452    .ARM.Collect$$$$00000008  mc_w.l(entry7b.o)
    0x08000190   0x00000004   Code   RO         6453    .ARM.Collect$$$$00000009  mc_w.l(entry8a.o)
    0x08000194   0x00000000   Code   RO         6454    .ARM.Collect$$$$0000000A  mc_w.l(entry8b.o)
    0x08000194   0x00000008   Code   RO         6455    .ARM.Collect$$$$0000000B  mc_w.l(entry9a.o)
    0x0800019c   0x00000000   Code   RO         6457    .ARM.Collect$$$$0000000D  mc_w.l(entry10a.o)
    0x0800019c   0x00000000   Code   RO         6459    .ARM.Collect$$$$0000000F  mc_w.l(entry11a.o)
    0x0800019c   0x00000004   Code   RO         6448    .ARM.Collect$$$$00002712  mc_w.l(entry2.o)
    0x080001a0   0x00000024   Code   RO         4201    .text               startup_stm32f40_41xxx.o
    0x080001c4   0x00000024   Code   RO         6136    .text               mc_w.l(memcpya.o)
    0x080001e8   0x00000024   Code   RO         6138    .text               mc_w.l(memseta.o)
    0x0800020c   0x00000024   Code   RO         6140    .text               mc_w.l(strstr.o)
    0x08000230   0x00000020   Code   RO         6408    .text               mc_w.l(cpp_init.o)
    0x08000250   0x0000014e   Code   RO         6410    .text               mf_w.l(dadd.o)
    0x0800039e   0x000000e4   Code   RO         6412    .text               mf_w.l(dmul.o)
    0x08000482   0x000000de   Code   RO         6414    .text               mf_w.l(ddiv.o)
    0x08000560   0x00000022   Code   RO         6418    .text               mf_w.l(dflti.o)
    0x08000582   0x00000026   Code   RO         6420    .text               mf_w.l(f2d.o)
    0x080005a8   0x00000030   Code   RO         6422    .text               mf_w.l(cdcmple.o)
    0x080005d8   0x00000030   Code   RO         6424    .text               mf_w.l(cdrcmple.o)
    0x08000608   0x00000038   Code   RO         6426    .text               mf_w.l(d2f.o)
    0x08000640   0x0000002c   Code   RO         6462    .text               mc_w.l(uidiv.o)
    0x0800066c   0x00000062   Code   RO         6464    .text               mc_w.l(uldiv.o)
    0x080006ce   0x0000001e   Code   RO         6466    .text               mc_w.l(llshl.o)
    0x080006ec   0x00000024   Code   RO         6468    .text               mc_w.l(llsshr.o)
    0x08000710   0x00000000   Code   RO         6477    .text               mc_w.l(iusefp.o)
    0x08000710   0x0000006e   Code   RO         6481    .text               mf_w.l(fepilogue.o)
    0x0800077e   0x000000ba   Code   RO         6483    .text               mf_w.l(depilogue.o)
    0x08000838   0x00000030   Code   RO         6485    .text               mf_w.l(dfixul.o)
    0x08000868   0x00000024   Code   RO         6487    .text               mc_w.l(init.o)
    0x0800088c   0x00000020   Code   RO         6489    .text               mc_w.l(llushr.o)
    0x080008ac   0x00000004   Code   RO         3671    i.BusFault_Handler  stm32f4xx_it.o
    0x080008b0   0x00000034   Code   RO         2889    i.DMA2_Stream2_IRQHandler  dev_dma.o
    0x080008e4   0x00000034   Code   RO         4405    i.DMA_ClearFlag     F407lib.lib(stm32f4xx_dma.o)
    0x08000918   0x00000034   Code   RO         4406    i.DMA_ClearITPendingBit  F407lib.lib(stm32f4xx_dma.o)
    0x0800094c   0x00000016   Code   RO         4407    i.DMA_Cmd           F407lib.lib(stm32f4xx_dma.o)
    0x08000962   0x00000002   PAD
    0x08000964   0x00000158   Code   RO         4408    i.DMA_DeInit        F407lib.lib(stm32f4xx_dma.o)
    0x08000abc   0x00000064   Code   RO         4417    i.DMA_GetITStatus   F407lib.lib(stm32f4xx_dma.o)
    0x08000b20   0x0000003a   Code   RO         4418    i.DMA_ITConfig      F407lib.lib(stm32f4xx_dma.o)
    0x08000b5a   0x00000002   PAD
    0x08000b5c   0x00000058   Code   RO         4419    i.DMA_Init          F407lib.lib(stm32f4xx_dma.o)
    0x08000bb4   0x00000002   Code   RO         3672    i.DebugMon_Handler  stm32f4xx_it.o
    0x08000bb6   0x00000090   Code   RO         4538    i.GPIO_Init         F407lib.lib(stm32f4xx_gpio.o)
    0x08000c46   0x00000046   Code   RO         4539    i.GPIO_PinAFConfig  F407lib.lib(stm32f4xx_gpio.o)
    0x08000c8c   0x00000004   Code   RO         4545    i.GPIO_ResetBits    F407lib.lib(stm32f4xx_gpio.o)
    0x08000c90   0x00000004   Code   RO         4546    i.GPIO_SetBits      F407lib.lib(stm32f4xx_gpio.o)
    0x08000c94   0x00000004   Code   RO         3673    i.HardFault_Handler  stm32f4xx_it.o
    0x08000c98   0x00000004   Code   RO         3674    i.MemManage_Handler  stm32f4xx_it.o
    0x08000c9c   0x00000002   Code   RO         3675    i.NMI_Handler       stm32f4xx_it.o
    0x08000c9e   0x00000002   PAD
    0x08000ca0   0x00000078   Code   RO         4252    i.NVIC_Init         F407lib.lib(misc.o)
    0x08000d18   0x00000014   Code   RO         4253    i.NVIC_PriorityGroupConfig  F407lib.lib(misc.o)
    0x08000d2c   0x00000002   Code   RO         3676    i.PendSV_Handler    stm32f4xx_it.o
    0x08000d2e   0x00000002   PAD
    0x08000d30   0x00000020   Code   RO         4639    i.RCC_AHB1PeriphClockCmd  F407lib.lib(stm32f4xx_rcc.o)
    0x08000d50   0x00000020   Code   RO         4648    i.RCC_APB1PeriphClockCmd  F407lib.lib(stm32f4xx_rcc.o)
    0x08000d70   0x00000020   Code   RO         4650    i.RCC_APB1PeriphResetCmd  F407lib.lib(stm32f4xx_rcc.o)
    0x08000d90   0x00000020   Code   RO         4651    i.RCC_APB2PeriphClockCmd  F407lib.lib(stm32f4xx_rcc.o)
    0x08000db0   0x00000020   Code   RO         4653    i.RCC_APB2PeriphResetCmd  F407lib.lib(stm32f4xx_rcc.o)
    0x08000dd0   0x000000e8   Code   RO         4660    i.RCC_GetClocksFreq  F407lib.lib(stm32f4xx_rcc.o)
    0x08000eb8   0x0000000c   Code   RO         4924    i.SDIO_ClearFlag    F407lib.lib(stm32f4xx_sdio.o)
    0x08000ec4   0x00000018   Code   RO         4936    i.SDIO_GetFlagStatus  F407lib.lib(stm32f4xx_sdio.o)
    0x08000edc   0x00000008   Code   RO         2253    i.SDIO_IRQHandler   dev_sd.o
    0x08000ee4   0x0000002c   Code   RO         4944    i.SDIO_SendCommand  F407lib.lib(stm32f4xx_sdio.o)
    0x08000f10   0x00000018   Code   RO         5127    i.SPI_Cmd           F407lib.lib(stm32f4xx_spi.o)
    0x08000f28   0x00000012   Code   RO         5135    i.SPI_I2S_GetFlagStatus  F407lib.lib(stm32f4xx_spi.o)
    0x08000f3a   0x00000006   Code   RO         5138    i.SPI_I2S_ReceiveData  F407lib.lib(stm32f4xx_spi.o)
    0x08000f40   0x00000004   Code   RO         5139    i.SPI_I2S_SendData  F407lib.lib(stm32f4xx_spi.o)
    0x08000f44   0x0000003c   Code   RO         5140    i.SPI_Init          F407lib.lib(stm32f4xx_spi.o)
    0x08000f80   0x00000002   Code   RO         3677    i.SVC_Handler       stm32f4xx_it.o
    0x08000f82   0x00000028   Code   RO         4256    i.SysTick_CLKSourceConfig  F407lib.lib(misc.o)
    0x08000faa   0x00000002   PAD
    0x08000fac   0x00000018   Code   RO         1873    i.SysTick_Handler   dev_clock.o
    0x08000fc4   0x00000068   Code   RO         4209    i.SystemInit        system_stm32f4xx.o
    0x0800102c   0x00000018   Code   RO         5293    i.TIM_ARRPreloadConfig  F407lib.lib(stm32f4xx_tim.o)
    0x08001044   0x00000018   Code   RO         5305    i.TIM_Cmd           F407lib.lib(stm32f4xx_tim.o)
    0x0800105c   0x0000001e   Code   RO         5307    i.TIM_CtrlPWMOutputs  F407lib.lib(stm32f4xx_tim.o)
    0x0800107a   0x00000002   PAD
    0x0800107c   0x0000007c   Code   RO         5334    i.TIM_OC1Init       F407lib.lib(stm32f4xx_tim.o)
    0x080010f8   0x00000012   Code   RO         5337    i.TIM_OC1PreloadConfig  F407lib.lib(stm32f4xx_tim.o)
    0x0800110a   0x00000002   PAD
    0x0800110c   0x000000a4   Code   RO         5339    i.TIM_OC2Init       F407lib.lib(stm32f4xx_tim.o)
    0x080011b0   0x0000001a   Code   RO         5342    i.TIM_OC2PreloadConfig  F407lib.lib(stm32f4xx_tim.o)
    0x080011ca   0x00000002   PAD
    0x080011cc   0x000000a0   Code   RO         5344    i.TIM_OC3Init       F407lib.lib(stm32f4xx_tim.o)
    0x0800126c   0x00000012   Code   RO         5347    i.TIM_OC3PreloadConfig  F407lib.lib(stm32f4xx_tim.o)
    0x0800127e   0x00000002   PAD
    0x08001280   0x00000078   Code   RO         5349    i.TIM_OC4Init       F407lib.lib(stm32f4xx_tim.o)
    0x080012f8   0x0000001a   Code   RO         5351    i.TIM_OC4PreloadConfig  F407lib.lib(stm32f4xx_tim.o)
    0x08001312   0x00000004   Code   RO         5367    i.TIM_SetCompare1   F407lib.lib(stm32f4xx_tim.o)
    0x08001316   0x00000004   Code   RO         5368    i.TIM_SetCompare2   F407lib.lib(stm32f4xx_tim.o)
    0x0800131a   0x00000004   Code   RO         5369    i.TIM_SetCompare3   F407lib.lib(stm32f4xx_tim.o)
    0x0800131e   0x00000004   Code   RO         5370    i.TIM_SetCompare4   F407lib.lib(stm32f4xx_tim.o)
    0x08001322   0x00000002   PAD
    0x08001324   0x00000084   Code   RO         5377    i.TIM_TimeBaseInit  F407lib.lib(stm32f4xx_tim.o)
    0x080013a8   0x00000010   Code   RO         3678    i.USART2_IRQHandler  stm32f4xx_it.o
    0x080013b8   0x00000010   Code   RO         3679    i.USART3_IRQHandler  stm32f4xx_it.o
    0x080013c8   0x00000010   Code   RO         3680    i.USART6_IRQHandler  stm32f4xx_it.o
    0x080013d8   0x0000001e   Code   RO         5856    i.USART_ClearITPendingBit  F407lib.lib(stm32f4xx_usart.o)
    0x080013f6   0x00000018   Code   RO         5859    i.USART_Cmd         F407lib.lib(stm32f4xx_usart.o)
    0x0800140e   0x00000012   Code   RO         5860    i.USART_DMACmd      F407lib.lib(stm32f4xx_usart.o)
    0x08001420   0x000000b4   Code   RO         5861    i.USART_DeInit      F407lib.lib(stm32f4xx_usart.o)
    0x080014d4   0x0000001a   Code   RO         5862    i.USART_GetFlagStatus  F407lib.lib(stm32f4xx_usart.o)
    0x080014ee   0x00000054   Code   RO         5863    i.USART_GetITStatus  F407lib.lib(stm32f4xx_usart.o)
    0x08001542   0x0000004a   Code   RO         5865    i.USART_ITConfig    F407lib.lib(stm32f4xx_usart.o)
    0x0800158c   0x000000d4   Code   RO         5866    i.USART_Init        F407lib.lib(stm32f4xx_usart.o)
    0x08001660   0x0000000a   Code   RO         5873    i.USART_ReceiveData  F407lib.lib(stm32f4xx_usart.o)
    0x0800166a   0x00000008   Code   RO         5876    i.USART_SendData    F407lib.lib(stm32f4xx_usart.o)
    0x08001672   0x00000004   Code   RO         3681    i.UsageFault_Handler  stm32f4xx_it.o
    0x08001676   0x00000002   PAD
    0x08001678   0x0000005c   Code   RO         1874    i._Z10Loop_checkv   dev_clock.o
    0x080016d4   0x00000362   Code   RO         1282    i._Z10b_mrdividePfPKf  attitudeekf.o
    0x08001a36   0x00000002   PAD
    0x08001a38   0x00000048   Code   RO            4    i._Z10task_10_msv   uav_task.o
    0x08001a80   0x00000008   Code   RO            5    i._Z10task_20_msv   uav_task.o
    0x08001a88   0x00000014   Code   RO            6    i._Z10task_50_msv   uav_task.o
    0x08001a9c   0x00002334   Code   RO         1283    i._Z11AttitudeEKFhhPKhfPKffffffffS2_PfS3_S3_S3_S3_  attitudeekf.o
    0x08003dd0   0x00000080   Code   RO         1875    i._Z11Get_Cycle_Th  dev_clock.o
    0x08003e50   0x000000ec   Code   RO         4210    i._Z11SetSysClockv  system_stm32f4xx.o
    0x08003f3c   0x00000030   Code   RO         2967    i._Z12GPS_AnalysisP8nmea_msgPh  dev_gps.o
    0x08003f6c   0x000000ea   Code   RO         2968    i._Z12NMEA_Str2numPhS_  dev_gps.o
    0x08004056   0x00000002   PAD
    0x08004058   0x0000006c   Code   RO         2261    i._Z13CmdResp1Errorh  dev_sd.o
    0x080040c4   0x00000034   Code   RO         1876    i._Z13GetSysTime_usv  dev_clock.o
    0x080040f8   0x00000024   Code   RO         2712    i._Z13SPI1_SetSpeedh  dev_spi.o
    0x0800411c   0x00000032   Code   RO         2969    i._Z14NMEA_Comma_PosPhh  dev_gps.o
    0x0800414e   0x00000002   PAD
    0x08004150   0x00000048   Code   RO         3096    i._Z14To_180_degreesf  cal_math.o
    0x08004198   0x00000154   Code   RO         2271    i._Z16SD_ProcessIRQSrcv  dev_sd.o
    0x080042ec   0x0000003c   Code   RO         2970    i._Z17GPS_DataCacheCallh  dev_gps.o
    0x08004328   0x00000054   Code   RO         2713    i._Z18SPI1_ReadWriteByteh  dev_spi.o
    0x0800437c   0x00000068   Code   RO         2971    i._Z19NMEA_GPGGA_AnalysisP8nmea_msgPh  dev_gps.o
    0x080043e4   0x000000b8   Code   RO         2972    i._Z19NMEA_GPGSA_AnalysisP8nmea_msgPh  dev_gps.o
    0x0800449c   0x0000012c   Code   RO         2973    i._Z19NMEA_GPGSV_AnalysisP8nmea_msgPh  dev_gps.o
    0x080045c8   0x00000220   Code   RO         2974    i._Z19NMEA_GPRMC_AnalysisP8nmea_msgPh  dev_gps.o
    0x080047e8   0x00000058   Code   RO         2975    i._Z19NMEA_GPVTG_AnalysisP8nmea_msgPh  dev_gps.o
    0x08004840   0x0000006c   Code   RO         1878    i._Z21SysTick_Configurationv  dev_clock.o
    0x080048ac   0x00000284   Code   RO         1235    i._Z3EKF7Vector3IfES0_S0_Phf  imu_ekf.o
    0x08004b30   0x00000326   Code   RO         1287    i._Z3invPKfPf       attitudeekf.o
    0x08004e56   0x00000002   PAD
    0x08004e58   0x0000008c   Code   RO         1288    i._Z4normPKf        attitudeekf.o
    0x08004ee4   0x00000034   Code   RO         3099    i._Z7invSqrtf       cal_math.o
    0x08004f18   0x00000014   Code   RO         3100    i._Z7radiansf       cal_math.o
    0x08004f2c   0x00000018   Code   RO         1879    i._Z8Delay_msj      dev_clock.o
    0x08004f44   0x00000018   Code   RO         1880    i._Z8Delay_usj      dev_clock.o
    0x08004f5c   0x00000048   Code   RO         2976    i._Z8GPS_Callv      dev_gps.o
    0x08004fa4   0x00000016   Code   RO         2977    i._Z8NMEA_Powhh     dev_gps.o
    0x08004fba   0x00000002   PAD
    0x08004fbc   0x00000070   Code   RO            7    i._Z8TaskLoopv      uav_task.o
    0x0800502c   0x00000366   Code   RO         1289    i._Z8mrdividePfPKf  attitudeekf.o
    0x08005392   0x00000002   PAD
    0x08005394   0x00000084   Code   RO         1881    i._Z8sys_timev      dev_clock.o
    0x08005418   0x000000d0   Code   RO         2714    i._Z9SPI1_Initv     dev_spi.o
    0x080054e8   0x00000044   Code   RO         3101    i._Z9deathzoomff    cal_math.o
    0x0800552c   0x00000010   Code   RO            8    i._Z9task_1_msv     uav_task.o
    0x0800553c   0x00000094   Code   RO            9    i._Z9task_2_msv     uav_task.o
    0x080055d0   0x00000040   Code   RO           10    i._Z9task_5_msv     uav_task.o
    0x08005610   0x00000088   Code   RO          777    i._ZN10_PARAMETER12ReadAnglePIDEv  uav_parameter.o
    0x08005698   0x00000088   Code   RO          778    i._ZN10_PARAMETER12SaveAnglePIDEv  uav_parameter.o
    0x08005720   0x0000007c   Code   RO          779    i._ZN10_PARAMETER13ConfigurationEv  uav_parameter.o
    0x0800579c   0x0000008c   Code   RO          780    i._ZN10_PARAMETER14ReadAngularPIDEv  uav_parameter.o
    0x08005828   0x00000088   Code   RO          781    i._ZN10_PARAMETER14SaveAngularPIDEv  uav_parameter.o
    0x080058b0   0x000000dc   Code   RO          782    i._ZN10_PARAMETER15ReadAccOffersetEv  uav_parameter.o
    0x0800598c   0x000000e0   Code   RO          783    i._ZN10_PARAMETER15ReadGyrOffersetEv  uav_parameter.o
    0x08005a6c   0x000000e4   Code   RO          784    i._ZN10_PARAMETER15ReadMagOffersetEv  uav_parameter.o
    0x08005b50   0x00000064   Code   RO          785    i._ZN10_PARAMETER15SaveAccOffersetE7Vector3IfE  uav_parameter.o
    0x08005bb4   0x00000058   Code   RO          786    i._ZN10_PARAMETER15SaveGyrOffersetE7Vector3IfE  uav_parameter.o
    0x08005c0c   0x00000054   Code   RO          787    i._ZN10_PARAMETER15SaveMagOffersetE7Vector3IfE  uav_parameter.o
    0x08005c60   0x00000078   Code   RO          788    i._ZN10_PARAMETER18Read_MS_DIS_SPEPIDEv  uav_parameter.o
    0x08005cd8   0x00000078   Code   RO          789    i._ZN10_PARAMETER18Read_UL_DIS_SPEPIDEv  uav_parameter.o
    0x08005d50   0x00000078   Code   RO          790    i._ZN10_PARAMETER18Save_MS_DIS_SPEPIDEv  uav_parameter.o
    0x08005dc8   0x00000078   Code   RO          791    i._ZN10_PARAMETER18Save_UL_DIS_SPEPIDEv  uav_parameter.o
    0x08005e40   0x00000054   Code   RO         2758    i._ZN11_FLASH25Q3214SPI_Flash_ReadEPhjt  dev_flash.o
    0x08005e94   0x000000c0   Code   RO         2759    i._ZN11_FLASH25Q3215SPI_Flash_WriteEPhjt  dev_flash.o
    0x08005f54   0x00000048   Code   RO         2760    i._ZN11_FLASH25Q3216SPI_Flash_ReadIDEv  dev_flash.o
    0x08005f9c   0x0000002c   Code   RO         2761    i._ZN11_FLASH25Q3216SPI_Flash_ReadSREv  dev_flash.o
    0x08005fc8   0x0000001c   Code   RO         2762    i._ZN11_FLASH25Q3216SPI_Flash_Read_fEjPft  dev_flash.o
    0x08005fe4   0x0000001c   Code   RO         2764    i._ZN11_FLASH25Q3217SPI_Flash_Write_fEjPft  dev_flash.o
    0x08006000   0x00000016   Code   RO         2767    i._ZN11_FLASH25Q3219SPI_Flash_Wait_BusyEv  dev_flash.o
    0x08006016   0x00000002   PAD
    0x08006018   0x00000060   Code   RO         2769    i._ZN11_FLASH25Q3220SPI_Flash_Write_PageEPhjt  dev_flash.o
    0x08006078   0x00000020   Code   RO         2770    i._ZN11_FLASH25Q3222SPI_FLASH_Write_EnableEv  dev_flash.o
    0x08006098   0x0000004c   Code   RO         2771    i._ZN11_FLASH25Q3222SPI_Flash_Erase_SectorEj  dev_flash.o
    0x080060e4   0x0000004a   Code   RO         2773    i._ZN11_FLASH25Q3223SPI_Flash_Write_NoCheckEPhjt  dev_flash.o
    0x0800612e   0x00000002   PAD
    0x08006130   0x00000038   Code   RO         2774    i._ZN11_FLASH25Q325Init_Ev  dev_flash.o
    0x08006168   0x00000044   Code   RO          998    i._ZN3IMU4InitEv    imu.o
    0x080061ac   0x00000108   Code   RO          999    i._ZN3IMU8AttitudeEf  imu.o
    0x080062b4   0x00000078   Code   RO         1030    i._ZN3IMUC1Ev       imu.o
    0x0800632c   0x00000100   Code   RO          719    i._ZN3_RC3ThrEv     uav_rc.o
    0x0800642c   0x0000003e   Code   RO          720    i._ZN3_RC4ModeEv    uav_rc.o
    0x0800646a   0x00000002   PAD
    0x0800646c   0x000000b4   Code   RO          721    i._ZN3_RC7DeblockEf  uav_rc.o
    0x08006520   0x000000cc   Code   RO          722    i._ZN3_RC9DataMangeEf  uav_rc.o
    0x080065ec   0x00000078   Code   RO         2890    i._ZN4_DMA13ConfigurationEv  dev_dma.o
    0x08006664   0x0000006e   Code   RO         1531    i._ZN4_I2C10SingleReadEhhPh  dev_i2c.o
    0x080066d2   0x00000052   Code   RO         1532    i._ZN4_I2C11SingleWriteEhhh  dev_i2c.o
    0x08006724   0x0000003c   Code   RO         1533    i._ZN4_I2C3AckEv    dev_i2c.o
    0x08006760   0x00000040   Code   RO         1535    i._ZN4_I2C4StopEv   dev_i2c.o
    0x080067a0   0x00000018   Code   RO         1536    i._ZN4_I2C5DelayEv  dev_i2c.o
    0x080067b8   0x00000040   Code   RO         1537    i._ZN4_I2C5NoAckEv  dev_i2c.o
    0x080067f8   0x00000060   Code   RO         1538    i._ZN4_I2C5StartEv  dev_i2c.o
    0x08006858   0x00000064   Code   RO         1539    i._ZN4_I2C7WaitAckEv  dev_i2c.o
    0x080068bc   0x00000088   Code   RO         1540    i._ZN4_I2C8MultReadEhhhPh  dev_i2c.o
    0x08006944   0x0000006c   Code   RO         1541    i._ZN4_I2C8ReadByteEh  dev_i2c.o
    0x080069b0   0x0000005c   Code   RO         1542    i._ZN4_I2C8SendByteEh  dev_i2c.o
    0x08006a0c   0x00000020   Code   RO         1633    i._ZN4_LED13ConfigurationEv  dev_led.o
    0x08006a2c   0x00000032   Code   RO          474    i._ZN4_PID3CalEv    uav_pid.o
    0x08006a5e   0x00000002   PAD
    0x08006a60   0x0000006c   Code   RO          475    i._ZN4_PID4InitEfff  uav_pid.o
    0x08006acc   0x000000a0   Code   RO          476    i._ZN4_PID5Err_dEf  uav_pid.o
    0x08006b6c   0x0000001a   Code   RO          477    i._ZN4_PID5Err_iEf  uav_pid.o
    0x08006b86   0x0000000e   Code   RO          478    i._ZN4_PID6GetErrEf  uav_pid.o
    0x08006b94   0x0000008a   Code   RO          479    i._ZN4_PID8disErr_iEff  uav_pid.o
    0x08006c1e   0x00000002   PAD
    0x08006c20   0x00000068   Code   RO         1501    i._ZN4_RCC13ConfigurationEv  dev_rcc.o
    0x08006c88   0x0000007c   Code   RO          543    i._ZN4_UAV4InitEv   uav_init.o
    0x08006d04   0x000000fc   Code   RO         1694    i._ZN5_MOTO12MotoBaseInitEP11TIM_TypeDefh  dev_moto.o
    0x08006e00   0x0000003c   Code   RO         1695    i._ZN5_MOTO6SetPwmEPt  dev_moto.o
    0x08006e3c   0x0000002c   Code   RO         1696    i._ZN5_MOTO8MotoInitEv  dev_moto.o
    0x08006e68   0x0000007a   Code   RO         1736    i._ZN5_NVIC13ConfigurationEv  dev_nvic.o
    0x08006ee2   0x00000002   PAD
    0x08006ee4   0x000001d0   Code   RO         1663    i._ZN5_PORT13ConfigurationEv  dev_port.o
    0x080070b4   0x0000000e   Code   RO          597    i._ZN6Filter13CF_Factor_CalEff  uav_filter.o
    0x080070c2   0x00000060   Code   RO          598    i._ZN6Filter14Moving_AverageEfPftPtS0_  uav_filter.o
    0x08007122   0x00000002   PAD
    0x08007124   0x00000024   Code   RO          599    i._ZN6Filter18LPF_1st_Factor_CalEff  uav_filter.o
    0x08007148   0x00000094   Code   RO          600    i._ZN6Filter18LPF_2nd_Factor_CalEffPNS_12LPF2ndData_tE  uav_filter.o
    0x080071dc   0x000000c4   Code   RO          603    i._ZN6Filter7LPF_2ndEPNS_12LPF2ndData_tE7Vector3IfE  uav_filter.o
    0x080072a0   0x00000070   Code   RO         1839    i._ZN6_DEBUS9RemotCallEv  dev_debus.o
    0x08007310   0x00000024   Code   RO         2930    i._ZN6_US10012SampleTrigerEf  dev_us100.o
    0x08007334   0x000000c8   Code   RO         2931    i._ZN6_US1007disCallEv  dev_us100.o
    0x080073fc   0x00000170   Code   RO         1766    i._ZN6_USART10Usart2CallEv  dev_usart.o
    0x0800756c   0x00000030   Code   RO         1767    i._ZN6_USART10Usart3CallEv  dev_usart.o
    0x0800759c   0x0000002c   Code   RO         1768    i._ZN6_USART10Usart6CallEv  dev_usart.o
    0x080075c8   0x00000114   Code   RO         1769    i._ZN6_USART13ConfigurationEv  dev_usart.o
    0x080076dc   0x00000050   Code   RO         1770    i._ZN6_USART13Uart2_Put_BufEPhh  dev_usart.o
    0x0800772c   0x0000016c   Code   RO         1966    i._ZN7_AK897510DataSampleEv  dev_ak8975.o
    0x08007898   0x00000294   Code   RO         1967    i._ZN7_AK897512MagCalOffsetEv  dev_ak8975.o
    0x08007b2c   0x00000012   Code   RO         1968    i._ZN7_AK897512SampleTrigerEv  dev_ak8975.o
    0x08007b3e   0x00000002   PAD
    0x08007b40   0x00000044   Code   RO         2151    i._ZN7_MS561110DataUpdateEv  dev_ms5611.o
    0x08007b84   0x00000028   Code   RO         2152    i._ZN7_MS561113ConfigurationEv  dev_ms5611.o
    0x08007bac   0x00000016   Code   RO         2153    i._ZN7_MS561114PressureSampleEv  dev_ms5611.o
    0x08007bc2   0x00000002   PAD
    0x08007bc4   0x00000334   Code   RO         2154    i._ZN7_MS561116BaroAltCalculateEv  dev_ms5611.o
    0x08007ef8   0x00000016   Code   RO         2155    i._ZN7_MS561117TemperatureSampleEv  dev_ms5611.o
    0x08007f0e   0x00000012   Code   RO         2156    i._ZN7_MS561120PressureSampleTrigerEv  dev_ms5611.o
    0x08007f20   0x00000012   Code   RO         2157    i._ZN7_MS561123TemperatureSampleTrigerEv  dev_ms5611.o
    0x08007f32   0x00000012   Code   RO         2158    i._ZN7_MS56115ResetEv  dev_ms5611.o
    0x08007f44   0x0000005a   Code   RO         2159    i._ZN7_MS56118ReadPromEv  dev_ms5611.o
    0x08007f9e   0x00000002   PAD
    0x08007fa0   0x00000324   Code   RO          340    i._ZN8_CONTROL19DecompositionOutputEv  uav_control.o
    0x080082c4   0x000000cc   Code   RO          341    i._ZN8_CONTROL4InitEv  uav_control.o
    0x08008390   0x000005f8   Code   RO          342    i._ZN8_CONTROL5AngleEf  uav_control.o
    0x08008988   0x0000087c   Code   RO          343    i._ZN8_CONTROL7AngularEf  uav_control.o
    0x08009204   0x00000048   Code   RO         2031    i._ZN8_MAVLINK10Send_CheckEhh  dev_mavlink.o
    0x0800924c   0x0000009a   Code   RO         2032    i._ZN8_MAVLINK10Send_PowerEtt  dev_mavlink.o
    0x080092e6   0x00000188   Code   RO         2034    i._ZN8_MAVLINK11Send_RCDataEtttttttttt  dev_mavlink.o
    0x0800946e   0x0000019c   Code   RO         2035    i._ZN8_MAVLINK11Send_SenserEsssssssss  dev_mavlink.o
    0x0800960a   0x00000002   PAD
    0x0800960c   0x00000174   Code   RO         2036    i._ZN8_MAVLINK11Send_StatusEfffihh  dev_mavlink.o
    0x08009780   0x000000ba   Code   RO         2038    i._ZN8_MAVLINK12Send_Senser2Eit  dev_mavlink.o
    0x0800983a   0x000000d8   Code   RO         2039    i._ZN8_MAVLINK12Send_VersionEhtttt  dev_mavlink.o
    0x08009912   0x00000002   PAD
    0x08009914   0x0000049c   Code   RO         2040    i._ZN8_MAVLINK13Data_ExchangeEv  dev_mavlink.o
    0x08009db0   0x00000540   Code   RO         2041    i._ZN8_MAVLINK16Data_Receive_AnlEPhh  dev_mavlink.o
    0x0800a2f0   0x00000264   Code   RO         2042    i._ZN8_MAVLINK8Send_PIDEhfffffffff  dev_mavlink.o
    0x0800a554   0x0000001c   Code   RO         2043    i._ZN8_MAVLINK9Send_DataEPhh  dev_mavlink.o
    0x0800a570   0x0000013a   Code   RO         2556    i._ZN8_MPU605010DataSampleEv  dev_mup6050.o
    0x0800a6aa   0x00000002   PAD
    0x0800a6ac   0x00000054   Code   RO         2557    i._ZN8_MPU605011GetGyro2dpsEv  dev_mup6050.o
    0x0800a700   0x0000005e   Code   RO         2558    i._ZN8_MPU605011I2CwriteBitEhhhh  dev_mup6050.o
    0x0800a75e   0x00000002   PAD
    0x0800a760   0x00000124   Code   RO         2559    i._ZN8_MPU605012AccCalOffsetEv  dev_mup6050.o
    0x0800a884   0x0000006e   Code   RO         2560    i._ZN8_MPU605012I2CwriteBitsEhhhhh  dev_mup6050.o
    0x0800a8f2   0x00000016   Code   RO         2561    i._ZN8_MPU605012SetI2CBypassEh  dev_mup6050.o
    0x0800a908   0x000000c2   Code   RO         2562    i._ZN8_MPU605013ConfigurationEt  dev_mup6050.o
    0x0800a9ca   0x00000002   PAD
    0x0800a9cc   0x000000ec   Code   RO         2563    i._ZN8_MPU605013GyroCalOffsetEv  dev_mup6050.o
    0x0800aab8   0x00000254   Code   RO         2564    i._ZN8_MPU605014GyroAutoOffsetEh  dev_mup6050.o
    0x0800ad0c   0x0000001a   Code   RO         2565    i._ZN8_MPU605014SetClockSourceEh  dev_mup6050.o
    0x0800ad26   0x00000016   Code   RO         2566    i._ZN8_MPU605016SetI2CMasterModeEh  dev_mup6050.o
    0x0800ad3c   0x0000002e   Code   RO         2567    i._ZN8_MPU605021SetFullScaleGyroRangeEh  dev_mup6050.o
    0x0800ad6a   0x0000002e   Code   RO         2568    i._ZN8_MPU605022SetFullScaleAccelRangeEh  dev_mup6050.o
    0x0800ad98   0x00000018   Code   RO         2569    i._ZN8_MPU60504ReadEv  dev_mup6050.o
    0x0800adb0   0x0000001a   Code   RO         2570    i._ZN8_MPU60507SetDLPFEh  dev_mup6050.o
    0x0800adca   0x00000016   Code   RO         2571    i._ZN8_MPU60508SetSleepEh  dev_mup6050.o
    0x0800ade0   0x00000020   Code   RO         2572    i._ZN8_MPU60509SetSampleEt  dev_mup6050.o
    0x0800ae00   0x00000096   Code   RO         2678    i._ZN8_MPU6050C1Ev  dev_mup6050.o
    0x0800ae96   0x00000002   PAD
    0x0800ae98   0x00000244   Code   RO         1374    i._ZN9_ATTITUDE10DISControlEf  uav_attitude.o
    0x0800b0dc   0x000004bc   Code   RO         1375    i._ZN9_ATTITUDE10GetDIS_SPEEf  uav_attitude.o
    0x0800b598   0x000003a0   Code   RO         1376    i._ZN9_ATTITUDE10SPEControlEf  uav_attitude.o
    0x0800b938   0x0000008c   Code   RO         1377    i._ZN9_ATTITUDE4InitEv  uav_attitude.o
    0x0800b9c4   0x0000000a   Code   RO         1340    i._ZSt4fabsf        attitudeekf.o
    0x0800b9ce   0x00000020   Code   RO         1213    i._ZSt5atan2ff      imu_gradient.o
    0x0800b9ee   0x00000002   PAD
    0x0800b9f0   0x00000020   Code   RO         6377    i.__0printf         mc_w.l(printfa.o)
    0x0800ba10   0x00000026   Code   RO         6428    i.__ARM_fpclassifyf  m_wm.l(fpclassifyf.o)
    0x0800ba36   0x00000010   Code   RO         6044    i.__cxa_guard_acquire  cpprt_w.l(cxa_guard_acquire.o)
    0x0800ba46   0x00000002   PAD
    0x0800ba48   0x0000012c   Code   RO         6065    i.__hardfp_asinf    m_wm.l(asinf.o)
    0x0800bb74   0x00000250   Code   RO         6077    i.__hardfp_atan2f   m_wm.l(atan2f.o)
    0x0800bdc4   0x00000014   Code   RO         6101    i.__hardfp_fabs     m_wm.l(fabs.o)
    0x0800bdd8   0x0000003a   Code   RO         6119    i.__hardfp_sqrtf    m_wm.l(sqrtf.o)
    0x0800be12   0x00000006   Code   RO         6431    i.__mathlib_flt_infnan  m_wm.l(funder.o)
    0x0800be18   0x00000006   Code   RO         6432    i.__mathlib_flt_infnan2  m_wm.l(funder.o)
    0x0800be1e   0x00000002   PAD
    0x0800be20   0x00000010   Code   RO         6433    i.__mathlib_flt_invalid  m_wm.l(funder.o)
    0x0800be30   0x00000010   Code   RO         6436    i.__mathlib_flt_underflow  m_wm.l(funder.o)
    0x0800be40   0x0000000e   Code   RO         6493    i.__scatterload_copy  mc_w.l(handlers.o)
    0x0800be4e   0x00000002   Code   RO         6494    i.__scatterload_null  mc_w.l(handlers.o)
    0x0800be50   0x0000000e   Code   RO         6495    i.__scatterload_zeroinit  mc_w.l(handlers.o)
    0x0800be5e   0x00000002   PAD
    0x0800be60   0x0000000c   Code   RO         6472    i.__set_errno       mc_w.l(errno.o)
    0x0800be6c   0x00000020   Code   RO           11    i.__sti___12_uav_task_cpp_UAV  uav_task.o
    0x0800be8c   0x00000030   Code   RO         1969    i.__sti___14_dev_ak8975_cpp_Ak8975  dev_ak8975.o
    0x0800bebc   0x00000024   Code   RO         2160    i.__sti___14_dev_ms5611_cpp_Ms5611  dev_ms5611.o
    0x0800bee0   0x0000000c   Code   RO          605    i.__sti___14_uav_filter_cpp_filter  uav_filter.o
    0x0800beec   0x00000010   Code   RO         2573    i.__sti___15_dev_mup6050_cpp_Mpu6050  dev_mup6050.o
    0x0800befc   0x00000040   Code   RO         1378    i.__sti___16_uav_attitude_cpp_Attitude  uav_attitude.o
    0x0800bf3c   0x00000010   Code   RO         1000    i.__sti___7_imu_cpp_imu  imu.o
    0x0800bf4c   0x00000164   Code   RO         6384    i._fp_digits        mc_w.l(printfa.o)
    0x0800c0b0   0x000006dc   Code   RO         6385    i._printf_core      mc_w.l(printfa.o)
    0x0800c78c   0x00000024   Code   RO         6386    i._printf_post_padding  mc_w.l(printfa.o)
    0x0800c7b0   0x0000002e   Code   RO         6387    i._printf_pre_padding  mc_w.l(printfa.o)
    0x0800c7de   0x00000002   PAD
    0x0800c7e0   0x00000024   Code   RO         1771    i.fputc             dev_usart.o
    0x0800c804   0x0000001c   Code   RO           12    i.main              uav_task.o
    0x0800c820   0x0000003e   Code   RO         6121    i.sqrtf             m_wm.l(sqrtf.o)
    0x0800c85e   0x0000000e   Code   RO         1119    t._ZN7Vector3IfEC1Efff  imu_dcm.o
    0x0800c86c   0x00000018   Code   RO         1036    t._ZN7Vector3IfEC1Ev  imu.o
    0x0800c884   0x0000000e   Code   RO         2004    t._ZN7Vector3IfEclEfff  dev_ak8975.o
    0x0800c892   0x00000032   Code   RO         3402    t._ZN7Vector3IfEpLERKS0_  cal_vector3.o
    0x0800c8c4   0x0000000a   Code   RO          670    t._ZN7Vector3IsEC1Ev  uav_filter.o
    0x0800c8ce   0x00000058   Code   RO         3378    t._ZNK7Vector3IfEdvEf  cal_vector3.o
    0x0800c926   0x0000004a   Code   RO         3408    t._ZNK7Vector3IfEmiERKS0_  cal_vector3.o
    0x0800c970   0x00000026   Code   RO         3330    t._ZNK7Vector3IfEmlERKS0_  cal_vector3.o
    0x0800c996   0x0000004c   Code   RO         3366    t._ZNK7Vector3IfEmlEf  cal_vector3.o
    0x0800c9e2   0x0000004a   Code   RO         3396    t._ZNK7Vector3IfEplERKS0_  cal_vector3.o
    0x0800ca2c   0x00000024   Data   RO         1238    .constdata          imu_ekf.o
    0x0800ca50   0x0000029d   Data   RO         1299    .constdata          attitudeekf.o
    0x0800cced   0x00000003   PAD
    0x0800ccf0   0x00000020   Data   RO         6491    Region$$Table       anon$$obj.o
    0x0800cd10   0x00000004   Data   RO           23    .init_array         uav_task.o
    0x0800cd14   0x00000004   Data   RO          618    .init_array         uav_filter.o
    0x0800cd18   0x00000004   Data   RO         1006    .init_array         imu.o
    0x0800cd1c   0x00000004   Data   RO         1386    .init_array         uav_attitude.o
    0x0800cd20   0x00000004   Data   RO         1976    .init_array         dev_ak8975.o
    0x0800cd24   0x00000004   Data   RO         2173    .init_array         dev_ms5611.o
    0x0800cd28   0x00000004   Data   RO         2594    .init_array         dev_mup6050.o
    0x0800cd2c   0x00000000   Data   RO         6406    .init_array         mc_w.l(cpp_init.o)


    Execution Region RW_IRAM1 (Base: 0x20000000, Size: 0x00003418, Max: 0x00020000, ABSOLUTE)

    Base Addr    Size         Type   Attr      Idx    E Section Name        Object

    0x20000000   0x00000001   Data   RW          349    .data               uav_control.o
    0x20000001   0x00000003   PAD
    0x20000004   0x0000001b   Data   RW          617    .data               uav_filter.o
    0x2000001f   0x00000001   PAD
    0x20000020   0x00000002   Data   RW          729    .data               uav_rc.o
    0x20000022   0x00000001   Data   RW         1005    .data               imu.o
    0x20000023   0x00000001   PAD
    0x20000024   0x00000025   Data   RW         1239    .data               imu_ekf.o
    0x20000049   0x00000002   Data   RW         1300    .data               attitudeekf.o
    0x2000004b   0x00000001   PAD
    0x2000004c   0x0000003b   Data   RW         1385    .data               uav_attitude.o
    0x20000087   0x00000001   Data   RW         1635    .data               dev_led.o
    0x20000088   0x00000001   Data   RW         1700    .data               dev_moto.o
    0x20000089   0x00000006   Data   RW         1779    .data               dev_usart.o
    0x2000008f   0x00000001   PAD
    0x20000090   0x00000018   Data   RW         1892    .data               dev_clock.o
    0x200000a8   0x00000008   Data   RW         1975    .data               dev_ak8975.o
    0x200000b0   0x00000008   Data   RW         2058    .data               dev_mavlink.o
    0x200000b8   0x0000000a   Data   RW         2172    .data               dev_ms5611.o
    0x200000c2   0x00000002   PAD
    0x200000c4   0x00000014   Data   RW         2318    .data               dev_sd.o
    0x200000d8   0x0000000e   Data   RW         2593    .data               dev_mup6050.o
    0x200000e6   0x00000002   PAD
    0x200000e8   0x00000014   Data   RW         2793    .data               dev_flash.o
    0x200000fc   0x00000001   Data   RW         2935    .data               dev_us100.o
    0x200000fd   0x00000001   PAD
    0x200000fe   0x00000004   Data   RW         2990    .data               dev_gps.o
    0x20000102   0x00000010   Data   RW         4683    .data               F407lib.lib(stm32f4xx_rcc.o)
    0x20000112   0x00000002   PAD
    0x20000114   0x00000004   Data   RW         6461    .data               mc_w.l(stdout.o)
    0x20000118   0x00000004   Data   RW         6473    .data               mc_w.l(errno.o)
    0x2000011c   0x0000000c   Zero   RW           22    .bss                uav_task.o
    0x20000128   0x00000198   Zero   RW          348    .bss                uav_control.o
    0x200002c0   0x00000034   Zero   RW          728    .bss                uav_rc.o
    0x200002f4   0x000000a0   Zero   RW          809    .bss                uav_parameter.o
    0x20000394   0x00000084   Zero   RW         1004    .bss                imu.o
    0x20000418   0x00000270   Zero   RW         1237    .bss                imu_ekf.o
    0x20000688   0x00000954   Zero   RW         1298    .bss                attitudeekf.o
    0x20000fdc   0x0000015c   Zero   RW         1384    .bss                uav_attitude.o
    0x20001138   0x00000132   Zero   RW         1778    .bss                dev_usart.o
    0x2000126a   0x0000000c   Zero   RW         1841    .bss                dev_debus.o
    0x20001276   0x00000002   PAD
    0x20001278   0x00000040   Zero   RW         1891    .bss                dev_clock.o
    0x200012b8   0x00000048   Zero   RW         1974    .bss                dev_ak8975.o
    0x20001300   0x00000056   Zero   RW         2057    .bss                dev_mavlink.o
    0x20001356   0x00000002   PAD
    0x20001358   0x00000124   Zero   RW         2171    .bss                dev_ms5611.o
    0x2000147c   0x00000004   PAD
    0x20001480   0x000002c0   Zero   RW         2317    .bss                dev_sd.o
    0x20001740   0x000000c8   Zero   RW         2592    .bss                dev_mup6050.o
    0x20001808   0x00000012   Zero   RW         2718    .bss                dev_spi.o
    0x2000181a   0x00001000   Zero   RW         2792    .bss                dev_flash.o
    0x2000281a   0x00000012   Zero   RW         2893    .bss                dev_dma.o
    0x2000282c   0x00000014   Zero   RW         2934    .bss                dev_us100.o
    0x20002840   0x000007d5   Zero   RW         2989    .bss                dev_gps.o
    0x20003015   0x00000003   PAD
    0x20003018   0x00000400   Zero   RW         4198    STACK               startup_stm32f40_41xxx.o


==============================================================================

Image component sizes


      Code (inc. data)   RO Data    RW Data    ZI Data      Debug   Object Name

     11704        176        669          2       2388      15560   attitudeekf.o
       212         30          0          0          0       3093   cal_math.o
       400          0          0          0          0       8852   cal_vector3.o
      1104         48          4          8         72       4625   dev_ak8975.o
       584         52          0         24         64      32566   dev_clock.o
       112          4          0          0         12       1184   dev_debus.o
       172         22          0          0         18       1776   dev_dma.o
       804         52          0         20       4096      10348   dev_flash.o
      1706         74          0          4       2005       9868   dev_gps.o
       936         36          0          0          0       8364   dev_i2c.o
        32          4          0          1          0       1050   dev_led.o
      4968        156          0          8         86      12671   dev_mavlink.o
       356         14          0          1          0       2867   dev_moto.o
      1152         78          4         10        292       8479   dev_ms5611.o
      2352         66          4         14        200      25306   dev_mup6050.o
       122          0          0          0          0        932   dev_nvic.o
       464         20          0          0          0       1163   dev_port.o
       104          4          0          0          0        824   dev_rcc.o
       456         32          0         20        704     239124   dev_sd.o
       328         28          0          0         18       2509   dev_spi.o
       236         28          0          1         20       2012   dev_us100.o
       852         94          0          6        306       5145   dev_usart.o
       492         50          4          1        132       9091   imu.o
        14          0          0          0          0       4940   imu_dcm.o
       644         84         36         37        624       1718   imu_ekf.o
        32          0          0          0          0       1187   imu_gradient.o
        36          8        392          0       1024        876   startup_stm32f40_41xxx.o
        72         18          0          0          0       5492   stm32f4xx_it.o
       340         32          0          0          0       1713   system_stm32f4xx.o
      2924        236          4         59        348       6649   uav_attitude.o
      4708        214          0          1        408       9024   uav_control.o
       512         22          4         27          0      12309   uav_filter.o
       124         36          0          0          0        836   uav_init.o
      2096        618          0          0        160      10616   uav_parameter.o
       496         20          0          0          0       4294   uav_pid.o
       702         62          0          2         52       3081   uav_rc.o
       500         86          4          0         12     319869   uav_task.o

    ----------------------------------------------------------------------
     42900       2504       1160        258      13052     790013   Object Totals
         0          0         32          0          0          0   (incl. Generated)
        52          0          3         12         11          0   (incl. Padding)

    ----------------------------------------------------------------------

      Code (inc. data)   RO Data    RW Data    ZI Data      Debug   Library Member Name

       180         24          0          0          0     328673   misc.o
       716         72          0          0          0       6115   stm32f4xx_dma.o
       222          0          0          0          0       3091   stm32f4xx_gpio.o
       392         48          0         16          0       5873   stm32f4xx_rcc.o
        80         14          0          0          0       3669   stm32f4xx_sdio.o
       112          0          0          0          0       3738   stm32f4xx_spi.o
       882         66          0          0          0      11189   stm32f4xx_tim.o
       666         32          0          0          0       7789   stm32f4xx_usart.o
        16          0          0          0          0         68   cxa_guard_acquire.o
       300         42          0          0          0        176   asinf.o
       592         90          0          0          0        184   atan2f.o
        20          0          0          0          0        124   fabs.o
        38          0          0          0          0        116   fpclassifyf.o
        44         12          0          0          0        464   funder.o
       120          0          0          0          0        272   sqrtf.o
        32         10          0          0          0         80   cpp_init.o
         0          0          0          0          0          0   entry.o
         0          0          0          0          0          0   entry10a.o
         0          0          0          0          0          0   entry11a.o
         8          4          0          0          0          0   entry2.o
         4          0          0          0          0          0   entry5.o
         0          0          0          0          0          0   entry7b.o
         4          0          0          0          0          0   entry8a.o
         0          0          0          0          0          0   entry8b.o
         8          4          0          0          0          0   entry9a.o
        12          6          0          4          0         68   errno.o
        30          0          0          0          0          0   handlers.o
        36          8          0          0          0         68   init.o
         0          0          0          0          0          0   iusefp.o
        30          0          0          0          0         68   llshl.o
        36          0          0          0          0         68   llsshr.o
        32          0          0          0          0         68   llushr.o
        36          0          0          0          0         68   memcpya.o
        36          0          0          0          0        108   memseta.o
      2226         90          0          0          0        444   printfa.o
         0          0          0          4          0          0   stdout.o
        36          0          0          0          0         80   strstr.o
        44          0          0          0          0         80   uidiv.o
        98          0          0          0          0         92   uldiv.o
        48          0          0          0          0         68   cdcmple.o
        48          0          0          0          0         68   cdrcmple.o
        56          0          0          0          0         88   d2f.o
       334          0          0          0          0        148   dadd.o
       222          0          0          0          0        100   ddiv.o
       186          0          0          0          0        176   depilogue.o
        48          0          0          0          0         68   dfixul.o
        34          0          0          0          0         76   dflti.o
       228          0          0          0          0         96   dmul.o
        38          0          0          0          0         68   f2d.o
       110          0          0          0          0        168   fepilogue.o

    ----------------------------------------------------------------------
      8464        522          0         26          0     373957   Library Totals
        24          0          0          2          0          0   (incl. Padding)

    ----------------------------------------------------------------------

      Code (inc. data)   RO Data    RW Data    ZI Data      Debug   Library Name

      3250        256          0         16          0     370137   F407lib.lib
        16          0          0          0          0         68   cpprt_w.l
      1114        144          0          0          0       1336   m_wm.l
      2708        122          0          8          0       1292   mc_w.l
      1352          0          0          0          0       1124   mf_w.l

    ----------------------------------------------------------------------
      8464        522          0         26          0     373957   Library Totals

    ----------------------------------------------------------------------

==============================================================================


      Code (inc. data)   RO Data    RW Data    ZI Data      Debug   

     51364       3026       1160        284      13052    1138074   Grand Totals
     51364       3026       1160        284      13052    1138074   ELF Image Totals
     51364       3026       1160        284          0          0   ROM Totals

==============================================================================

    Total RO  Size (Code + RO Data)                52524 (  51.29kB)
    Total RW  Size (RW Data + ZI Data)             13336 (  13.02kB)
    Total ROM Size (Code + RO Data + RW Data)      52808 (  51.57kB)

==============================================================================

